Archive member included to satisfy reference by file (symbol)

c:/users/aakash/downloads/cmpe243/sjsu_dev_hyperload2/sjsu_dev/toolchain/bin/../lib/gcc/arm-none-eabi/5.4.1/../../../../arm-none-eabi/lib/armv7-m\libstdc++_nano.a(si_class_type_info.o)
                              ./L5_Application/source/remote.o (vtable for __cxxabiv1::__si_class_type_info)
c:/users/aakash/downloads/cmpe243/sjsu_dev_hyperload2/sjsu_dev/toolchain/bin/../lib/gcc/arm-none-eabi/5.4.1/../../../../arm-none-eabi/lib/armv7-m\libstdc++_nano.a(vmi_class_type_info.o)
                              ./L2_Drivers/src/nrf_stream.o (vtable for __cxxabiv1::__vmi_class_type_info)
c:/users/aakash/downloads/cmpe243/sjsu_dev_hyperload2/sjsu_dev/toolchain/bin/../lib/gcc/arm-none-eabi/5.4.1/../../../../arm-none-eabi/lib/armv7-m\libstdc++_nano.a(tinfo.o)
                              c:/users/aakash/downloads/cmpe243/sjsu_dev_hyperload2/sjsu_dev/toolchain/bin/../lib/gcc/arm-none-eabi/5.4.1/../../../../arm-none-eabi/lib/armv7-m\libstdc++_nano.a(si_class_type_info.o) (std::type_info::__is_function_p() const)
c:/users/aakash/downloads/cmpe243/sjsu_dev_hyperload2/sjsu_dev/toolchain/bin/../lib/gcc/arm-none-eabi/5.4.1/../../../../arm-none-eabi/lib/armv7-m\libstdc++_nano.a(class_type_info.o)
                              c:/users/aakash/downloads/cmpe243/sjsu_dev_hyperload2/sjsu_dev/toolchain/bin/../lib/gcc/arm-none-eabi/5.4.1/../../../../arm-none-eabi/lib/armv7-m\libstdc++_nano.a(si_class_type_info.o) (__cxxabiv1::__class_type_info::__do_upcast(__cxxabiv1::__class_type_info const*, void**) const)
c:/users/aakash/downloads/cmpe243/sjsu_dev_hyperload2/sjsu_dev/toolchain/bin/../lib/gcc/arm-none-eabi/5.4.1/../../../../arm-none-eabi/lib/armv7-m\libstdc++_nano.a(guard.o)
                              ./L5_Application/source/cmd_handlers/handlers.o (__cxa_guard_acquire)
c:/users/aakash/downloads/cmpe243/sjsu_dev_hyperload2/sjsu_dev/toolchain/bin/../lib/gcc/arm-none-eabi/5.4.1/../../../../arm-none-eabi/lib/armv7-m\libstdc++_nano.a(pure.o)
                              ./L3_Utils/src/scheduler_task.o (__cxa_pure_virtual)
c:/users/aakash/downloads/cmpe243/sjsu_dev_hyperload2/sjsu_dev/toolchain/bin/../lib/gcc/arm-none-eabi/5.4.1/../../../../arm-none-eabi/lib/armv7-m\libstdc++_nano.a(eh_terminate.o)
                              c:/users/aakash/downloads/cmpe243/sjsu_dev_hyperload2/sjsu_dev/toolchain/bin/../lib/gcc/arm-none-eabi/5.4.1/../../../../arm-none-eabi/lib/armv7-m\libstdc++_nano.a(pure.o) (std::terminate())
c:/users/aakash/downloads/cmpe243/sjsu_dev_hyperload2/sjsu_dev/toolchain/bin/../lib/gcc/arm-none-eabi/5.4.1/../../../../arm-none-eabi/lib/armv7-m\libstdc++_nano.a(eh_term_handler.o)
                              c:/users/aakash/downloads/cmpe243/sjsu_dev_hyperload2/sjsu_dev/toolchain/bin/../lib/gcc/arm-none-eabi/5.4.1/../../../../arm-none-eabi/lib/armv7-m\libstdc++_nano.a(eh_terminate.o) (__cxxabiv1::__terminate_handler)
c:/users/aakash/downloads/cmpe243/sjsu_dev_hyperload2/sjsu_dev/toolchain/bin/../lib/gcc/arm-none-eabi/5.4.1/../../../../arm-none-eabi/lib/armv7-m\libstdc++_nano.a(eh_unex_handler.o)
                              c:/users/aakash/downloads/cmpe243/sjsu_dev_hyperload2/sjsu_dev/toolchain/bin/../lib/gcc/arm-none-eabi/5.4.1/../../../../arm-none-eabi/lib/armv7-m\libstdc++_nano.a(eh_terminate.o) (__cxxabiv1::__unexpected_handler)
c:/users/aakash/downloads/cmpe243/sjsu_dev_hyperload2/sjsu_dev/toolchain/bin/../lib/gcc/arm-none-eabi/5.4.1/armv7-m\libgcc.a(_ashldi3.o)
                              ./L0_LowLevel/source/lpc_peripherals.o (__aeabi_llsl)
c:/users/aakash/downloads/cmpe243/sjsu_dev_hyperload2/sjsu_dev/toolchain/bin/../lib/gcc/arm-none-eabi/5.4.1/armv7-m\libgcc.a(_arm_addsubdf3.o)
                              ./L2_Drivers/base/uart_dev.o (__aeabi_dadd)
c:/users/aakash/downloads/cmpe243/sjsu_dev_hyperload2/sjsu_dev/toolchain/bin/../lib/gcc/arm-none-eabi/5.4.1/armv7-m\libgcc.a(_arm_muldivdf3.o)
                              ./L5_Application/Lidar_sources/ultrasonic_sensor.o (__aeabi_dmul)
c:/users/aakash/downloads/cmpe243/sjsu_dev_hyperload2/sjsu_dev/toolchain/bin/../lib/gcc/arm-none-eabi/5.4.1/armv7-m\libgcc.a(_arm_fixunsdfsi.o)
                              ./L2_Drivers/base/uart_dev.o (__aeabi_d2uiz)
c:/users/aakash/downloads/cmpe243/sjsu_dev_hyperload2/sjsu_dev/toolchain/bin/../lib/gcc/arm-none-eabi/5.4.1/armv7-m\libgcc.a(_arm_truncdfsf2.o)
                              ./L5_Application/Lidar_sources/ultrasonic_sensor.o (__aeabi_d2f)
c:/users/aakash/downloads/cmpe243/sjsu_dev_hyperload2/sjsu_dev/toolchain/bin/../lib/gcc/arm-none-eabi/5.4.1/armv7-m\libgcc.a(_arm_addsubsf3.o)
                              ./L5_Application/source/cmd_handlers/handlers.o (__aeabi_fsub)
c:/users/aakash/downloads/cmpe243/sjsu_dev_hyperload2/sjsu_dev/toolchain/bin/../lib/gcc/arm-none-eabi/5.4.1/armv7-m\libgcc.a(_arm_muldivsf3.o)
                              ./L5_Application/source/cmd_handlers/handlers.o (__aeabi_fmul)
[...]
Memory Configuration

Name             Origin             Length             Attributes
FLASH            0x00010000         0x00070000         xr
SRAM             0x10000000         0x00008000         xrw
SRAM_AHB         0x2007c000         0x00008000         xrw
*default*        0x00000000         0xffffffff

Linker script and memory map

LOAD ./newlib/malloc_lock.o
LOAD ./newlib/memory.o
LOAD ./newlib/newlib_syscalls.o
LOAD ./newlib/newlib_time.o
LOAD ./L5_Application/source/cmd_handlers/handlers.o
LOAD ./L5_Application/source/cmd_handlers/prog_handlers.o
LOAD ./L5_Application/source/cmd_handlers/wireless_handlers.o
LOAD ./L5_Application/source/high_level_init.o
LOAD ./L5_Application/source/remote.o
LOAD ./L5_Application/source/terminal.o
LOAD ./L5_Application/periodic_scheduler/period_callbacks.o
LOAD ./L5_Application/periodic_scheduler/prd_monitor.o
LOAD ./L5_Application/examples/examples.o
LOAD ./L5_Application/examples/rn_xv_task.o
LOAD ./L5_Application/c_code/c_gpio.o
LOAD ./L5_Application/c_code/c_io.o
LOAD ./L5_Application/c_code/c_period_callbacks.o
LOAD ./L5_Application/c_code/c_pwm.o
LOAD ./L5_Application/c_code/c_switch.o
LOAD ./L5_Application/c_code/c_uart2.o
LOAD ./L5_Application/c_code/queue.o
LOAD ./L5_Application/Lidar_sources/LidarTask.o
LOAD ./L5_Application/Lidar_sources/LidarTask_create.o
LOAD ./L5_Application/Lidar_sources/RPLidar.o
LOAD ./L5_Application/Lidar_sources/Sensor_CAN_Interfacing.o
LOAD ./L5_Application/Lidar_sources/ultrasonic_sensor.o
LOAD ./L5_Application/main.o
LOAD ./L4_IO/wireless/src/mesh.o
LOAD ./L4_IO/wireless/src/nrf24L01Plus.o
LOAD ./L4_IO/wireless/src/wireless.o
LOAD ./L4_IO/src/gpio.o
LOAD ./L4_IO/src/io_source.o
LOAD ./L4_IO/src/storage.o
LOAD ./L4_IO/fat/option/ccsbcs.o
LOAD ./L4_IO/fat/option/reentrant.o
LOAD ./L4_IO/fat/disk/diskio.o
LOAD ./L4_IO/fat/disk/sd.o
LOAD ./L4_IO/fat/disk/spi_flash.o
LOAD ./L4_IO/fat/fatfs_time.o
LOAD ./L4_IO/fat/ff.o
LOAD ./L3_Utils/tlm/src/c_tlm_binary.o
LOAD ./L3_Utils/tlm/src/c_tlm_comp.o
LOAD ./L3_Utils/tlm/src/c_tlm_stream.o
LOAD ./L3_Utils/tlm/src/c_tlm_var.o
LOAD ./L3_Utils/src/c_list.o
LOAD ./L3_Utils/src/command_handler.o
LOAD ./L3_Utils/src/file_logger.o
LOAD ./L3_Utils/src/freertos_timer.o
LOAD ./L3_Utils/src/printf_lib.o
LOAD ./L3_Utils/src/rtc_alarm.o
LOAD ./L3_Utils/src/scheduler_task.o
LOAD ./L3_Utils/src/str.o
LOAD ./L3_Utils/src/utilities.o
LOAD ./L2_Drivers/src/adc.o
LOAD ./L2_Drivers/src/can.o
LOAD ./L2_Drivers/src/eint.o
LOAD ./L2_Drivers/src/i2c2.o
LOAD ./L2_Drivers/src/lpc_pwm.o
LOAD ./L2_Drivers/src/lpc_rit.o
LOAD ./L2_Drivers/src/lpc_timers.o
LOAD ./L2_Drivers/src/nrf_stream.o
LOAD ./L2_Drivers/src/rtc.o
LOAD ./L2_Drivers/src/spi_dma.o
LOAD ./L2_Drivers/src/spi_sem.o
LOAD ./L2_Drivers/src/uart0.o
LOAD ./L2_Drivers/src/uart2.o
LOAD ./L2_Drivers/src/uart3.o
LOAD ./L2_Drivers/base/char_dev.o
LOAD ./L2_Drivers/base/i2c_base.o
LOAD ./L2_Drivers/base/uart_dev.o
LOAD ./L1_FreeRTOS/trace/trcKernelPort.o
LOAD ./L1_FreeRTOS/trace/trcSnapshotRecorder.o
LOAD ./L1_FreeRTOS/trace/trcStreamingPort.o
LOAD ./L1_FreeRTOS/trace/trcStreamingRecorder.o
LOAD ./L1_FreeRTOS/src/croutine.o
LOAD ./L1_FreeRTOS/src/event_groups.o
LOAD ./L1_FreeRTOS/src/list.o
LOAD ./L1_FreeRTOS/src/queue.o
LOAD ./L1_FreeRTOS/src/tasks.o
LOAD ./L1_FreeRTOS/src/timers.o
LOAD ./L1_FreeRTOS/portable/no_mpu/port.o
LOAD ./L1_FreeRTOS/portable/run_time_stats.o
LOAD ./L1_FreeRTOS/hooks/hooks.o
LOAD ./L1_FreeRTOS/MemMang/freertos_mem_man.o
LOAD ./L0_LowLevel/source/core_cm3.o
LOAD ./L0_LowLevel/source/low_level_init.o
LOAD ./L0_LowLevel/source/lpc_peripherals.o
LOAD ./L0_LowLevel/source/lpc_sys.o
LOAD ./L0_LowLevel/source/startup.o
LOAD ./L0_LowLevel/source/sys_clock.o
LOAD ./L0_LowLevel/source/uart0_min.o
LOAD c:/users/aakash/downloads/cmpe243/sjsu_dev_hyperload2/sjsu_dev/toolchain/bin/../lib/gcc/arm-none-eabi/5.4.1/../../../../arm-none-eabi/lib/armv7-m\libstdc++_nano.a
LOAD c:/users/aakash/downloads/cmpe243/sjsu_dev_hyperload2/sjsu_dev/toolchain/bin/../lib/gcc/arm-none-eabi/5.4.1/../../../../arm-none-eabi/lib/armv7-m\libm.a
START GROUP
LOAD c:/users/aakash/downloads/cmpe243/sjsu_dev_hyperload2/sjsu_dev/toolchain/bin/../lib/gcc/arm-none-eabi/5.4.1/armv7-m\libgcc.a
LOAD c:/users/aakash/downloads/cmpe243/sjsu_dev_hyperload2/sjsu_dev/toolchain/bin/../lib/gcc/arm-none-eabi/5.4.1/../../../../arm-none-eabi/lib/armv7-m\libc_nano.a
END GROUP
START GROUP
LOAD c:/users/aakash/downloads/cmpe243/sjsu_dev_hyperload2/sjsu_dev/toolchain/bin/../lib/gcc/arm-none-eabi/5.4.1/armv7-m\libgcc.a
LOAD c:/users/aakash/downloads/cmpe243/sjsu_dev_hyperload2/sjsu_dev/toolchain/bin/../lib/gcc/arm-none-eabi/5.4.1/../../../../arm-none-eabi/lib/armv7-m\libc_nano.a
END GROUP

.text           0x00010000    0x17090
 FILL mask 0xff
 *(.isr_vector)
 .isr_vector    0x00010000       0xcc ./L0_LowLevel/source/startup.o
                0x00010000                g_pfnVectors
                0x000100cc                . = ALIGN (0x4)
                0x000100cc                __section_table_start = .
                0x000100cc                __data_section_table = .
                0x000100cc        0x4 LONG 0x27098 LOADADDR (.data)
                0x000100d0        0x4 LONG 0x2007c000 ADDR (.data)
                0x000100d4        0x4 LONG 0x390 SIZEOF (.data)
                0x000100d8                __data_section_table_end = .
                0x000100d8                __bss_section_table = .
                0x000100d8        0x4 LONG 0x2007c390 ADDR (.bss)
                0x000100dc        0x4 LONG 0x15ec SIZEOF (.bss)
                0x000100e0                __bss_section_table_end = .
                0x000100e0                __section_table_end = .
 *(.after_vectors*)
 .after_vectors
                0x000100e0      0x124 ./L0_LowLevel/source/startup.o
                0x000100e0                isr_hard_fault
                0x000100fa                isr_nmi
                0x00010108                isr_mem_fault
                0x00010118                isr_bus_fault
                0x00010128                isr_usage_fault
                0x00010138                isr_debug_mon
                0x00010148                isr_default_handler
                0x00010158                isr_sys_tick
                0x0001016a                data_init(unsigned int, unsigned int, unsigned int)
                0x00010180                bss_init(unsigned int, unsigned int)
                0x00010194                isr_reset
 *(.text*)
 .text.__malloc_lock
                0x00010204        0x4 ./newlib/malloc_lock.o
                0x00010204                __malloc_lock
 .text.__malloc_unlock
                0x00010208        0x4 ./newlib/malloc_lock.o
                0x00010208                __malloc_unlock
 .text._sbrk    0x0001020c       0x74 ./newlib/memory.o
                0x0001020c                _sbrk
 .text._Znwj    0x00010280        0x4 ./newlib/memory.o
                0x00010280                operator new(unsigned int)
 .text._ZdlPv   0x00010284        0x4 ./newlib/memory.o
                0x00010284                operator delete(void*)
 .text._ZdaPv   0x00010288        0x4 ./newlib/memory.o
                0x00010288                operator delete[](void*)
 .text.sys_get_mem_info
                0x0001028c       0xb8 ./newlib/memory.o
                0x0001028c                sys_get_mem_info
 .text.__aeabi_atexit
                0x00010344        0x4 ./newlib/memory.o
                0x00010344                __aeabi_atexit
 .text.startup._GLOBAL__sub_I__sbrk
                0x00010348       0x20 ./newlib/memory.o
 .text.sys_set_outchar_func
                0x00010368        0xc ./newlib/newlib_syscalls.o
                0x00010368                sys_set_outchar_func
 .text.sys_set_inchar_func
                0x00010374        0xc ./newlib/newlib_syscalls.o
                0x00010374                sys_set_inchar_func
 .text._kill    0x00010380       0x10 ./newlib/newlib_syscalls.o
                0x00010380                _kill
 .text._exit    0x00010390       0x10 ./newlib/newlib_syscalls.o
                0x00010390                _exit
 .text._getpid  0x000103a0        0x4 ./newlib/newlib_syscalls.o
                0x000103a0                _getpid
 .text._init    0x000103a4        0x4 ./newlib/newlib_syscalls.o
                0x000103a4                _init
 .text._write   0x000103a8       0x28 ./newlib/newlib_syscalls.o
                0x000103a8                _write
 .text._read    0x000103d0       0x2c ./newlib/newlib_syscalls.o
                0x000103d0                _read
 .text.syscalls_init
                0x000103fc        0x2 ./newlib/newlib_syscalls.o
                0x000103fc                syscalls_init
 .text._fstat   0x000103fe        0x4 ./newlib/newlib_syscalls.o
                0x000103fe                _fstat
 *fill*         0x00010402        0x2 ff
 .text._isatty  0x00010404       0x24 ./newlib/newlib_syscalls.o
                0x00010404                _isatty
 .text._lseek   0x00010428        0x4 ./newlib/newlib_syscalls.o
                0x00010428                _lseek
 .text._close   0x0001042c        0x4 ./newlib/newlib_syscalls.o
                0x0001042c                _close
 .text._gettimeofday
                0x00010430       0x7a ./newlib/newlib_time.o
                0x00010430                _gettimeofday
 *fill*         0x000104aa        0x2 ff
 .text._ZN7Storage13getFlashDriveEv
                0x000104ac       0x48 ./L5_Application/source/cmd_handlers/handlers.o
                0x000104ac                Storage::getFlashDrive()
 .text._ZN7Storage10getSDDriveEv
                0x000104f4       0x48 ./L5_Application/source/cmd_handlers/handlers.o
                0x000104f4                Storage::getSDDrive()
 .text._Z15taskListHandlerR3strR7CharDevPv
                0x0001053c       0xe8 ./L5_Application/source/cmd_handlers/handlers.o
                0x0001053c                taskListHandler(str&, CharDev&, void*)
 .text._Z14memInfoHandlerR3strR7CharDevPv
                0x00010624       0x22 ./L5_Application/source/cmd_handlers/handlers.o
                0x00010624                memInfoHandler(str&, CharDev&, void*)
 *fill*         0x00010646        0x2 ff
 .text._Z11timeHandlerR3strR7CharDevPv
                0x00010648       0xc4 ./L5_Application/source/cmd_handlers/handlers.o
                0x00010648                timeHandler(str&, CharDev&, void*)
 .text._Z10logHandlerR3strR7CharDevPv
                0x0001070c      0x190 ./L5_Application/source/cmd_handlers/handlers.o
                0x0001070c                logHandler(str&, CharDev&, void*)
 .text._Z9cpHandlerR3strR7CharDevPv
                0x0001089c       0x80 ./L5_Application/source/cmd_handlers/handlers.o
                0x0001089c                cpHandler(str&, CharDev&, void*)
 .text._Z10catHandlerR3strR7CharDevPv
                0x0001091c      0x104 ./L5_Application/source/cmd_handlers/handlers.o
                0x0001091c                catHandler(str&, CharDev&, void*)
 .text._Z9lsHandlerR3strR7CharDevPv
                0x00010a20      0x178 ./L5_Application/source/cmd_handlers/handlers.o
                0x00010a20                lsHandler(str&, CharDev&, void*)
 .text._Z12mkdirHandlerR3strR7CharDevPv
                0x00010b98       0x3c ./L5_Application/source/cmd_handlers/handlers.o
                0x00010b98                mkdirHandler(str&, CharDev&, void*)
 .text._Z9rmHandlerR3strR7CharDevPv
                0x00010bd4       0x3c ./L5_Application/source/cmd_handlers/handlers.o
                0x00010bd4                rmHandler(str&, CharDev&, void*)
 .text._Z9mvHandlerR3strR7CharDevPv
                0x00010c10       0x5c ./L5_Application/source/cmd_handlers/handlers.o
                0x00010c10                mvHandler(str&, CharDev&, void*)
 .text._Z14newFileHandlerR3strR7CharDevPv
                0x00010c6c       0xb0 ./L5_Application/source/cmd_handlers/handlers.o
                0x00010c6c                newFileHandler(str&, CharDev&, void*)
 .text._Z10dcpHandlerR3strR7CharDevPv
                0x00010d1c      0x140 ./L5_Application/source/cmd_handlers/handlers.o
                0x00010d1c                dcpHandler(str&, CharDev&, void*)
 .text._Z14storageHandlerR3strR7CharDevPv
                0x00010e5c       0xc0 ./L5_Application/source/cmd_handlers/handlers.o
                0x00010e5c                storageHandler(str&, CharDev&, void*)
 .text._Z13rebootHandlerR3strR7CharDevPv
                0x00010f1c       0x30 ./L5_Application/source/cmd_handlers/handlers.o
                0x00010f1c                rebootHandler(str&, CharDev&, void*)
 .text._Z14learnIrHandlerR3strR7CharDevPv
                0x00010f4c       0x38 ./L5_Application/source/cmd_handlers/handlers.o
                0x00010f4c                learnIrHandler(str&, CharDev&, void*)
 .text._ZN17SingletonTemplateI4I2C2E11getInstanceEv
                0x00010f84       0x20 ./L5_Application/source/cmd_handlers/handlers.o
                0x00010f84                SingletonTemplate<I2C2>::getInstance()
 .text._Z13healthHandlerR3strR7CharDevPv
                0x00010fa4      0x1a4 ./L5_Application/source/cmd_handlers/handlers.o
                0x00010fa4                healthHandler(str&, CharDev&, void*)
 .text._Z12i2cIoHandlerR3strR7CharDevPv
                0x00011148      0x198 ./L5_Application/source/cmd_handlers/handlers.o
                0x00011148                i2cIoHandler(str&, CharDev&, void*)
 .text._Z16flashProgHandlerR3strR7CharDevPv
                0x000112e0       0xb4 ./L5_Application/source/cmd_handlers/prog_handlers.o
                0x000112e0                flashProgHandler(str&, CharDev&, void*)
 .text._Z14getFileHandlerR3strR7CharDevPv
                0x00011394      0x134 ./L5_Application/source/cmd_handlers/prog_handlers.o
                0x00011394                getFileHandler(str&, CharDev&, void*)
 .text._ZL13wsAddrHandlerR3strR7CharDevPv
                0x000114c8       0x34 ./L5_Application/source/cmd_handlers/wireless_handlers.o
 .text._ZL25wirelessHandlerPrintStatsR7CharDevP12mesh_stats_th.constprop.4
                0x000114fc       0x3c ./L5_Application/source/cmd_handlers/wireless_handlers.o
 .text._ZL11wsTxHandlerR3strR7CharDevPv
                0x00011538      0x114 ./L5_Application/source/cmd_handlers/wireless_handlers.o
 .text._ZL14wsStatsHandlerR3strR7CharDevPv
                0x0001164c       0x1e ./L5_Application/source/cmd_handlers/wireless_handlers.o
 *fill*         0x0001166a        0x2 ff
 .text._ZL11wsRxHandlerR3strR7CharDevPv
                0x0001166c       0x80 ./L5_Application/source/cmd_handlers/wireless_handlers.o
 .text._Z12wsRteHandlerR3strR7CharDevPv
                0x000116ec       0x74 ./L5_Application/source/cmd_handlers/wireless_handlers.o
                0x000116ec                wsRteHandler(str&, CharDev&, void*)
 .text._Z15wirelessHandlerR3strR7CharDevPv
                0x00011760      0x160 ./L5_Application/source/cmd_handlers/wireless_handlers.o
                0x00011760                wirelessHandler(str&, CharDev&, void*)
 .text._ZN17SingletonTemplateI12NordicStreamE11getInstanceEv
                0x000118c0       0x20 ./L5_Application/source/cmd_handlers/wireless_handlers.o
                0x000118c0                SingletonTemplate<NordicStream>::getInstance()
 .text._ZL15wsFileTxHandlerR3strR7CharDevPv
                0x000118e0      0x22c ./L5_Application/source/cmd_handlers/wireless_handlers.o
 .text._ZL15wsStreamHandlerR3strR7CharDevPv
                0x00011b0c      0x120 ./L5_Application/source/cmd_handlers/wireless_handlers.o
 .text._ZL13hl_print_linev
                0x00011c2c        0xc ./L5_Application/source/high_level_init.o
 .text.ssp_set_max_clock
                0x00011c38       0x2c ./L5_Application/source/high_level_init.o
 .text._ZL16hl_mount_storageR16FileSystemObjectPKc
                0x00011c64       0x94 ./L5_Application/source/high_level_init.o
 .text._ZN17SingletonTemplateI11LED_DisplayE11getInstanceEv
                0x00011cf8       0x24 ./L5_Application/source/high_level_init.o
                0x00011cf8                SingletonTemplate<LED_Display>::getInstance()
 .text._ZN17SingletonTemplateI3LEDE11getInstanceEv
                0x00011d1c       0x1c ./L5_Application/source/high_level_init.o
                0x00011d1c                SingletonTemplate<LED>::getInstance()
 .text._ZN17SingletonTemplateI17TemperatureSensorE11getInstanceEv
                0x00011d38       0x28 ./L5_Application/source/high_level_init.o
                0x00011d38                SingletonTemplate<TemperatureSensor>::getInstance()
 .text._ZN17SingletonTemplateI12Light_SensorE11getInstanceEv
                0x00011d60       0x18 ./L5_Application/source/high_level_init.o
                0x00011d60                SingletonTemplate<Light_Sensor>::getInstance()
 .text._ZN17SingletonTemplateI8SwitchesE11getInstanceEv
                0x00011d78       0x18 ./L5_Application/source/high_level_init.o
                0x00011d78                SingletonTemplate<Switches>::getInstance()
 .text._Z15high_level_initv
                0x00011d90      0x548 ./L5_Application/source/high_level_init.o
                0x00011d90                high_level_init()
 .text._ZN14scheduler_task4initEv
                0x000122d8        0x4 ./L5_Application/source/remote.o
                0x000122d8                scheduler_task::init()
 .text._ZN14scheduler_task6regTlmEv
                0x000122dc        0x4 ./L5_Application/source/remote.o
                0x000122dc                scheduler_task::regTlm()
 .text._ZN14scheduler_task9taskEntryEv
                0x000122e0        0x4 ./L5_Application/source/remote.o
                0x000122e0                scheduler_task::taskEntry()
 .text._ZN17SingletonTemplateI9IR_SensorE11getInstanceEv
                0x000122e4       0x18 ./L5_Application/source/remote.o
                0x000122e4                SingletonTemplate<IR_Sensor>::getInstance()
 .text._ZN12terminalTask6regTlmEv
                0x000122fc        0x4 ./L5_Application/source/terminal.o
                0x000122fc                terminalTask::regTlm()
 .text._ZN12terminalTaskD2Ev
                0x00012300       0x48 ./L5_Application/source/terminal.o
                0x00012300                terminalTask::~terminalTask()
                0x00012300                terminalTask::~terminalTask()
 .text._ZN12terminalTaskD0Ev
                0x00012348       0x12 ./L5_Application/source/terminal.o
                0x00012348                terminalTask::~terminalTask()
 .text._ZN6VECTORIN12terminalTask9cmdChan_tEE14changeCapacityEj.part.4
                0x0001235a       0x40 ./L5_Application/source/terminal.o
 *fill*         0x0001239a        0x2 ff
 .text._ZN12terminalTaskC2Eh
                0x0001239c       0xb0 ./L5_Application/source/terminal.o
                0x0001239c                terminalTask::terminalTask(unsigned char)
                0x0001239c                terminalTask::terminalTask(unsigned char)
 .text._ZN12terminalTask22handleEchoAndBackspaceEPNS_9cmdChan_tEc
                0x0001244c       0x74 ./L5_Application/source/terminal.o
                0x0001244c                terminalTask::handleEchoAndBackspace(terminalTask::cmdChan_t*, char)
 .text._ZN12terminalTask17addCommandChannelEP7CharDevb
                0x000124c0       0x40 ./L5_Application/source/terminal.o
                0x000124c0                terminalTask::addCommandChannel(CharDev*, bool)
 .text._ZN12terminalTask10getCommandEv
                0x00012500      0x124 ./L5_Application/source/terminal.o
                0x00012500                terminalTask::getCommand()
 .text._ZN12terminalTask3runEPv
                0x00012624       0x98 ./L5_Application/source/terminal.o
                0x00012624                terminalTask::run(void*)
 .text._ZN17SingletonTemplateI5Uart0E11getInstanceEv
                0x000126bc       0x20 ./L5_Application/source/terminal.o
                0x000126bc                SingletonTemplate<Uart0>::getInstance()
 .text._ZN5Uart017putcharIntrDrivenEc
                0x000126dc       0x18 ./L5_Application/source/terminal.o
                0x000126dc                Uart0::putcharIntrDriven(char)
 .text._ZN5Uart017getcharIntrDrivenEc
                0x000126f4       0x22 ./L5_Application/source/terminal.o
                0x000126f4                Uart0::getcharIntrDriven(char)
 *fill*         0x00012716        0x2 ff
 .text._ZN12terminalTask9taskEntryEv
                0x00012718      0x27c ./L5_Application/source/terminal.o
                0x00012718                terminalTask::taskEntry()
 .text.period_init
                0x00012994        0xa ./L5_Application/periodic_scheduler/period_callbacks.o
                0x00012994                period_init
 .text.period_reg_tlm
                0x0001299e        0x4 ./L5_Application/periodic_scheduler/period_callbacks.o
                0x0001299e                period_reg_tlm
 .text.period_1Hz
                0x000129a2        0xe ./L5_Application/periodic_scheduler/period_callbacks.o
                0x000129a2                period_1Hz
 .text.period_10Hz
                0x000129b0        0x2 ./L5_Application/periodic_scheduler/period_callbacks.o
                0x000129b0                period_10Hz
 .text.period_100Hz
                0x000129b2        0x2 ./L5_Application/periodic_scheduler/period_callbacks.o
                0x000129b2                period_100Hz
 .text.period_1000Hz
                0x000129b4        0x2 ./L5_Application/periodic_scheduler/period_callbacks.o
                0x000129b4                period_1000Hz
 .text._ZN21periodicSchedulerTaskD2Ev
                0x000129b6        0x2 ./L5_Application/periodic_scheduler/prd_monitor.o
                0x000129b6                periodicSchedulerTask::~periodicSchedulerTask()
                0x000129b6                periodicSchedulerTask::~periodicSchedulerTask()
 .text._ZN21periodicSchedulerTask4initEv
                0x000129b8        0x4 ./L5_Application/periodic_scheduler/prd_monitor.o
                0x000129b8                periodicSchedulerTask::init()
 .text._ZN21periodicSchedulerTask6regTlmEv
                0x000129bc        0x4 ./L5_Application/periodic_scheduler/prd_monitor.o
                0x000129bc                periodicSchedulerTask::regTlm()
 .text._ZN21periodicSchedulerTaskD0Ev
                0x000129c0        0xc ./L5_Application/periodic_scheduler/prd_monitor.o
                0x000129c0                periodicSchedulerTask::~periodicSchedulerTask()
 .text._Z11period_task10prd_task_t
                0x000129cc       0x38 ./L5_Application/periodic_scheduler/prd_monitor.o
                0x000129cc                period_task(prd_task_t)
 .text._Z15period_task_1HzPv
                0x00012a04        0xa ./L5_Application/periodic_scheduler/prd_monitor.o
                0x00012a04                period_task_1Hz(void*)
 .text._Z16period_task_10HzPv
                0x00012a0e        0xa ./L5_Application/periodic_scheduler/prd_monitor.o
                0x00012a0e                period_task_10Hz(void*)
 .text._Z17period_task_100HzPv
                0x00012a18        0xa ./L5_Application/periodic_scheduler/prd_monitor.o
                0x00012a18                period_task_100Hz(void*)
 .text._Z18period_task_1000HzPv
                0x00012a22        0xa ./L5_Application/periodic_scheduler/prd_monitor.o
                0x00012a22                period_task_1000Hz(void*)
 .text._ZN21periodicSchedulerTaskC2Eb
                0x00012a2c      0x100 ./L5_Application/periodic_scheduler/prd_monitor.o
                0x00012a2c                periodicSchedulerTask::periodicSchedulerTask(bool)
                0x00012a2c                periodicSchedulerTask::periodicSchedulerTask(bool)
 .text._ZN21periodicSchedulerTask23handlePeriodicSemaphoreEhh
                0x00012b2c       0x78 ./L5_Application/periodic_scheduler/prd_monitor.o
                0x00012b2c                periodicSchedulerTask::handlePeriodicSemaphore(unsigned char, unsigned char)
 .text._ZN21periodicSchedulerTask3runEPv
                0x00012ba4       0x42 ./L5_Application/periodic_scheduler/prd_monitor.o
                0x00012ba4                periodicSchedulerTask::run(void*)
 *fill*         0x00012be6        0x2 ff
 .text.setPin   0x00012be8       0x1c ./L5_Application/c_code/c_gpio.o
                0x00012be8                setPin
 .text.setInput
                0x00012c04        0xc ./L5_Application/c_code/c_gpio.o
                0x00012c04                setInput
 .text.SET      0x00012c10       0x10 ./L5_Application/c_code/c_gpio.o
                0x00012c10                SET
 .text.setLED   0x00012c20       0x28 ./L5_Application/c_code/c_io.o
                0x00012c20                setLED
 .text._ZN5Lidar10Lidar_initEv
                0x00012c48       0xb0 ./L5_Application/Lidar_sources/LidarTask.o
                0x00012c48                Lidar::Lidar_init()
 .text._ZN5Lidar14Lidar_get_dataEv
                0x00012cf8       0x78 ./L5_Application/Lidar_sources/LidarTask.o
                0x00012cf8                Lidar::Lidar_get_data()
 .text._ZN5Lidar16Lidar_parse_dataEv
                0x00012d70       0x24 ./L5_Application/Lidar_sources/LidarTask.o
                0x00012d70                Lidar::Lidar_parse_data()
 .text._ZN5Lidar19Lidar_send_data_CANEv
                0x00012d94        0x4 ./L5_Application/Lidar_sources/LidarTask.o
                0x00012d94                Lidar::Lidar_send_data_CAN()
 .text.startup._GLOBAL__sub_I__ZN5Lidar10Lidar_initEv
                0x00012d98       0x48 ./L5_Application/Lidar_sources/LidarTask.o
 .text._ZN9LidarTaskD2Ev
                0x00012de0        0x2 ./L5_Application/Lidar_sources/LidarTask_create.o
                0x00012de0                LidarTask::~LidarTask()
                0x00012de0                LidarTask::~LidarTask()
 *fill*         0x00012de2        0x2 ff
 .text._ZN9LidarTask4initEv
                0x00012de4       0x14 ./L5_Application/Lidar_sources/LidarTask_create.o
                0x00012de4                LidarTask::init()
 .text._ZN9LidarTask3runEPv
                0x00012df8       0x20 ./L5_Application/Lidar_sources/LidarTask_create.o
                0x00012df8                LidarTask::run(void*)
 .text._ZN9LidarTaskD0Ev
                0x00012e18        0xc ./L5_Application/Lidar_sources/LidarTask_create.o
                0x00012e18                LidarTask::~LidarTask()
 .text._ZN9LidarTaskC2Eh
                0x00012e24       0x28 ./L5_Application/Lidar_sources/LidarTask_create.o
                0x00012e24                LidarTask::LidarTask(unsigned char)
                0x00012e24                LidarTask::LidarTask(unsigned char)
 .text.sys_get_uptime_ms
                0x00012e4c       0x12 ./L5_Application/Lidar_sources/RPLidar.o
 .text._ZN7RPLidar12_sendCommandEhPKvj
                0x00012e5e       0x2e ./L5_Application/Lidar_sources/RPLidar.o
                0x00012e5e                RPLidar::_sendCommand(unsigned char, void const*, unsigned int)
 .text._ZN7RPLidar4stopEv
                0x00012e8c        0xa ./L5_Application/Lidar_sources/RPLidar.o
                0x00012e8c                RPLidar::stop()
 .text._ZN7RPLidar5resetEv
                0x00012e96        0xa ./L5_Application/Lidar_sources/RPLidar.o
                0x00012e96                RPLidar::reset()
 .text._ZN7RPLidar19_waitResponseHeaderEP21_rplidar_ans_header_tm
                0x00012ea0       0x60 ./L5_Application/Lidar_sources/RPLidar.o
                0x00012ea0                RPLidar::_waitResponseHeader(_rplidar_ans_header_t*, unsigned long)
 .text._ZN7RPLidar9getHealthER33_rplidar_response_device_health_tm
                0x00012f00       0x8c ./L5_Application/Lidar_sources/RPLidar.o
                0x00012f00                RPLidar::getHealth(_rplidar_response_device_health_t&, unsigned long)
 .text._ZN7RPLidar9startScanEbm
                0x00012f8c       0xa4 ./L5_Application/Lidar_sources/RPLidar.o
                0x00012f8c                RPLidar::startScan(bool, unsigned long)
 .text._ZN7RPLidar9waitPointEP36_rplidar_response_measurement_node_tmP18RPLidarMeasurement
                0x00013030       0xa4 ./L5_Application/Lidar_sources/RPLidar.o
                0x00013030                RPLidar::waitPoint(_rplidar_response_measurement_node_t*, unsigned long, RPLidarMeasurement*)
 .text._ZN7RPLidar14divideDistanceEf
                0x000130d4      0x170 ./L5_Application/Lidar_sources/RPLidar.o
                0x000130d4                RPLidar::divideDistance(float)
 .text._ZN7RPLidar11divideAngleEP18RPLidarMeasurementiP15RPLidarRotation
                0x00013244      0x17c ./L5_Application/Lidar_sources/RPLidar.o
                0x00013244                RPLidar::divideAngle(RPLidarMeasurement*, int, RPLidarRotation*)
 .text._Z15sensor_can_initv
                0x000133c0       0x30 ./L5_Application/Lidar_sources/Sensor_CAN_Interfacing.o
                0x000133c0                sensor_can_init()
 .text._Z16sensor_send_datav
                0x000133f0       0xf4 ./L5_Application/Lidar_sources/Sensor_CAN_Interfacing.o
                0x000133f0                sensor_send_data()
 .text._Z25transmit_heartbeat_on_canv
                0x000134e4       0x30 ./L5_Application/Lidar_sources/Sensor_CAN_Interfacing.o
                0x000134e4                transmit_heartbeat_on_can()
 .text._Z33sensor_CAN_turn_on_bus_if_bus_offv
                0x00013514       0x1a ./L5_Application/Lidar_sources/Sensor_CAN_Interfacing.o
                0x00013514                sensor_CAN_turn_on_bus_if_bus_off()
 *fill*         0x0001352e        0x2 ff
 .text.on_pw_falling_edge
                0x00013530       0x34 ./L5_Application/Lidar_sources/ultrasonic_sensor.o
 .text.on_pw_rising_edge
                0x00013564       0x10 ./L5_Application/Lidar_sources/ultrasonic_sensor.o
 .text.sensor_start_scan
                0x00013574       0x1e ./L5_Application/Lidar_sources/ultrasonic_sensor.o
                0x00013574                sensor_start_scan
 *fill*         0x00013592        0x2 ff
 .text.sensor_cntlr_init
                0x00013594       0x30 ./L5_Application/Lidar_sources/ultrasonic_sensor.o
                0x00013594                sensor_cntlr_init
 .text._ZN12wirelessTaskD2Ev
                0x000135c4        0x2 ./L5_Application/main.o
                0x000135c4                wirelessTask::~wirelessTask()
                0x000135c4                wirelessTask::~wirelessTask()
 .text._ZN12wirelessTask3runEPv
                0x000135c6        0xa ./L5_Application/main.o
                0x000135c6                wirelessTask::run(void*)
 .text._ZN12wirelessTaskD0Ev
                0x000135d0        0xc ./L5_Application/main.o
                0x000135d0                wirelessTask::~wirelessTask()
 .text.startup.main
                0x000135dc       0x78 ./L5_Application/main.o
                0x000135dc                main
 .text.mesh_incr_soft_timers_for_arr
                0x00013654       0x26 ./L4_IO/wireless/src/mesh.o
 *fill*         0x0001367a        0x2 ff
 .text.mesh_update_soft_timers
                0x0001367c       0x4c ./L4_IO/wireless/src/mesh.o
 .text.mesh_send_packet
                0x000136c8       0x3c ./L4_IO/wireless/src/mesh.o
 .text.mesh_send_retry_packet
                0x00013704       0x34 ./L4_IO/wireless/src/mesh.o
 .text.mesh_find_rte_tbl_entry
                0x00013738       0x24 ./L4_IO/wireless/src/mesh.o
 .text.mesh_update_rte_scores
                0x0001375c       0x28 ./L4_IO/wireless/src/mesh.o
 .text.mesh_get_pnd_pkt_slot
                0x00013784       0x42 ./L4_IO/wireless/src/mesh.o
 *fill*         0x000137c6        0x2 ff
 .text.mesh_pending_packets_add
                0x000137c8       0x90 ./L4_IO/wireless/src/mesh.o
 .text.mesh_get_rte_to_modify
                0x00013858       0x58 ./L4_IO/wireless/src/mesh.o
 .text.mesh_handle_pnd_pkts_for_arr
                0x000138b0      0x184 ./L4_IO/wireless/src/mesh.o
 .text.mesh_set_node_address
                0x00013a34       0x18 ./L4_IO/wireless/src/mesh.o
                0x00013a34                mesh_set_node_address
 .text.mesh_get_node_address
                0x00013a4c        0xc ./L4_IO/wireless/src/mesh.o
                0x00013a4c                mesh_get_node_address
 .text.mesh_set_retry_count
                0x00013a58       0x10 ./L4_IO/wireless/src/mesh.o
                0x00013a58                mesh_set_retry_count
 .text.mesh_form_pkt
                0x00013a68      0x100 ./L4_IO/wireless/src/mesh.o
                0x00013a68                mesh_form_pkt
 .text.mesh_send_formed_pkt
                0x00013b68       0x50 ./L4_IO/wireless/src/mesh.o
                0x00013b68                mesh_send_formed_pkt
 .text.mesh_init
                0x00013bb8      0x104 ./L4_IO/wireless/src/mesh.o
                0x00013bb8                mesh_init
 .text.mesh_send
                0x00013cbc       0x3c ./L4_IO/wireless/src/mesh.o
                0x00013cbc                mesh_send
 .text.mesh_send_ack
                0x00013cf8       0x1a ./L4_IO/wireless/src/mesh.o
 *fill*         0x00013d12        0x2 ff
 .text.mesh_get_routing_entry
                0x00013d14       0x2c ./L4_IO/wireless/src/mesh.o
                0x00013d14                mesh_get_routing_entry
 .text.mesh_get_num_routing_entries
                0x00013d40       0x1c ./L4_IO/wireless/src/mesh.o
                0x00013d40                mesh_get_num_routing_entries
 .text.mesh_service
                0x00013d5c      0x2c4 ./L4_IO/wireless/src/mesh.o
                0x00013d5c                mesh_service
 .text.mesh_get_pnd_pkt_count
                0x00014020       0x34 ./L4_IO/wireless/src/mesh.o
                0x00014020                mesh_get_pnd_pkt_count
 .text.mesh_get_max_timeout_before_packet_fails
                0x00014054       0x24 ./L4_IO/wireless/src/mesh.o
                0x00014054                mesh_get_max_timeout_before_packet_fails
 .text.mesh_get_stats
                0x00014078       0x14 ./L4_IO/wireless/src/mesh.o
                0x00014078                mesh_get_stats
 .text.nordic_transfer
                0x0001408c      0x104 ./L4_IO/wireless/src/nrf24L01Plus.o
 .text.nordic_readRegister
                0x00014190       0x20 ./L4_IO/wireless/src/nrf24L01Plus.o
 .text.nordic_writeRegister
                0x000141b0       0x1e ./L4_IO/wireless/src/nrf24L01Plus.o
 .text.nordic_is_tx_fifo_empty
                0x000141ce        0xe ./L4_IO/wireless/src/nrf24L01Plus.o
                0x000141ce                nordic_is_tx_fifo_empty
 .text.nordic_clear_all_intr_flags
                0x000141dc        0x8 ./L4_IO/wireless/src/nrf24L01Plus.o
                0x000141dc                nordic_clear_all_intr_flags
 .text.nordic_queue_tx_fifo
                0x000141e4        0xc ./L4_IO/wireless/src/nrf24L01Plus.o
                0x000141e4                nordic_queue_tx_fifo
 .text.nordic_standby1_to_tx_mode1
                0x000141f0       0x16 ./L4_IO/wireless/src/nrf24L01Plus.o
                0x000141f0                nordic_standby1_to_tx_mode1
 *fill*         0x00014206        0x2 ff
 .text.nordic_rx_to_Stanby1
                0x00014208       0x10 ./L4_IO/wireless/src/nrf24L01Plus.o
                0x00014208                nordic_rx_to_Stanby1
 .text.nordic_standby1_to_rx
                0x00014218       0x24 ./L4_IO/wireless/src/nrf24L01Plus.o
                0x00014218                nordic_standby1_to_rx
 .text.nordic_clear_packet_sent_flag
                0x0001423c        0x8 ./L4_IO/wireless/src/nrf24L01Plus.o
                0x0001423c                nordic_clear_packet_sent_flag
 .text.nordic_flush_tx_fifo
                0x00014244        0xc ./L4_IO/wireless/src/nrf24L01Plus.o
                0x00014244                nordic_flush_tx_fifo
 .text.nordic_mode1_send_single_packet
                0x00014250       0x4c ./L4_IO/wireless/src/nrf24L01Plus.o
                0x00014250                nordic_mode1_send_single_packet
 .text.nordic_is_packet_available
                0x0001429c       0x12 ./L4_IO/wireless/src/nrf24L01Plus.o
                0x0001429c                nordic_is_packet_available
 .text.nordic_clear_packet_available_flag
                0x000142ae        0x8 ./L4_IO/wireless/src/nrf24L01Plus.o
                0x000142ae                nordic_clear_packet_available_flag
 .text.nordic_read_rx_fifo
                0x000142b6       0x14 ./L4_IO/wireless/src/nrf24L01Plus.o
                0x000142b6                nordic_read_rx_fifo
 .text.nordic_flush_rx_fifo
                0x000142ca        0xc ./L4_IO/wireless/src/nrf24L01Plus.o
                0x000142ca                nordic_flush_rx_fifo
 .text.nordic_set_intr_signals
                0x000142d6       0x3e ./L4_IO/wireless/src/nrf24L01Plus.o
                0x000142d6                nordic_set_intr_signals
 .text.nordic_set_crc
                0x00014314       0x38 ./L4_IO/wireless/src/nrf24L01Plus.o
                0x00014314                nordic_set_crc
 .text.nordic_power_up
                0x0001434c       0x18 ./L4_IO/wireless/src/nrf24L01Plus.o
                0x0001434c                nordic_power_up
 .text.nordic_power_down
                0x00014364       0x16 ./L4_IO/wireless/src/nrf24L01Plus.o
                0x00014364                nordic_power_down
 .text.nordic_set_channel
                0x0001437a       0x24 ./L4_IO/wireless/src/nrf24L01Plus.o
                0x0001437a                nordic_set_channel
 .text.nordic_set_air_data_rate
                0x0001439e       0x2c ./L4_IO/wireless/src/nrf24L01Plus.o
                0x0001439e                nordic_set_air_data_rate
 .text.nordic_set_power_level
                0x000143ca       0x24 ./L4_IO/wireless/src/nrf24L01Plus.o
                0x000143ca                nordic_set_power_level
 .text.nordic_set_auto_transmit_options
                0x000143ee       0x32 ./L4_IO/wireless/src/nrf24L01Plus.o
                0x000143ee                nordic_set_auto_transmit_options
 .text.nordic_set_payload_for_pipe
                0x00014420       0x14 ./L4_IO/wireless/src/nrf24L01Plus.o
                0x00014420                nordic_set_payload_for_pipe
 .text.nordic_set_addr_width
                0x00014434       0x16 ./L4_IO/wireless/src/nrf24L01Plus.o
                0x00014434                nordic_set_addr_width
 .text.nordic_set_tx_address
                0x0001444a        0xc ./L4_IO/wireless/src/nrf24L01Plus.o
                0x0001444a                nordic_set_tx_address
 .text.nordic_set_rx_pipe0_addr
                0x00014456        0xc ./L4_IO/wireless/src/nrf24L01Plus.o
                0x00014456                nordic_set_rx_pipe0_addr
 *fill*         0x00014462        0x2 ff
 .text.nordic_init
                0x00014464       0xc8 ./L4_IO/wireless/src/nrf24L01Plus.o
                0x00014464                nordic_init
 .text.nrf_driver_init
                0x0001452c       0x70 ./L4_IO/wireless/src/wireless.o
 .text.nrf_driver_app_recv
                0x0001459c       0x50 ./L4_IO/wireless/src/wireless.o
 .text.nrf_driver_send
                0x000145ec       0x58 ./L4_IO/wireless/src/wireless.o
 .text.nrf_irq_callback
                0x00014644       0x34 ./L4_IO/wireless/src/wireless.o
 .text.nrf_driver_receive
                0x00014678       0x22 ./L4_IO/wireless/src/wireless.o
 .text.wireless_get_queued_pkt
                0x0001469a       0x64 ./L4_IO/wireless/src/wireless.o
 .text.nrf_driver_get_timer
                0x000146fe       0x28 ./L4_IO/wireless/src/wireless.o
 *fill*         0x00014726        0x2 ff
 .text.wireless_init
                0x00014728       0x4c ./L4_IO/wireless/src/wireless.o
                0x00014728                wireless_init
 .text.wireless_get_rx_pkt
                0x00014774       0x10 ./L4_IO/wireless/src/wireless.o
                0x00014774                wireless_get_rx_pkt
 .text.wireless_get_ack_pkt
                0x00014784       0x10 ./L4_IO/wireless/src/wireless.o
                0x00014784                wireless_get_ack_pkt
 .text.wireless_service
                0x00014794       0x4c ./L4_IO/wireless/src/wireless.o
                0x00014794                wireless_service
 .text._ZN4GPIOC2E17LPC1758_GPIO_Type
                0x000147e0       0x50 ./L4_IO/src/gpio.o
                0x000147e0                GPIO::GPIO(LPC1758_GPIO_Type)
                0x000147e0                GPIO::GPIO(LPC1758_GPIO_Type)
 .text._ZN4GPIO10setAsInputEv
                0x00014830       0x12 ./L4_IO/src/gpio.o
                0x00014830                GPIO::setAsInput()
 .text._ZN4GPIO7setHighEv
                0x00014842        0xc ./L4_IO/src/gpio.o
                0x00014842                GPIO::setHigh()
 .text._ZN4GPIO6setLowEv
                0x0001484e        0xc ./L4_IO/src/gpio.o
                0x0001484e                GPIO::setLow()
 .text._ZN4GPIO3setEb
                0x0001485a        0xa ./L4_IO/src/gpio.o
                0x0001485a                GPIO::set(bool)
 .text._ZN11i2c2_device8writeRegEhh
                0x00014864        0xc ./L4_IO/src/io_source.o
                0x00014864                i2c2_device::writeReg(unsigned char, unsigned char)
 .text._ZN11i2c2_device16get16BitRegisterEh
                0x00014870       0x2a ./L4_IO/src/io_source.o
                0x00014870                i2c2_device::get16BitRegister(unsigned char)
 .text._ZN19Acceleration_Sensor4initEv
                0x0001489a       0x20 ./L4_IO/src/io_source.o
                0x0001489a                Acceleration_Sensor::init()
 *fill*         0x000148ba        0x2 ff
 .text._ZN9IR_Sensor11storeIrCodeEm
                0x000148bc       0x1c ./L4_IO/src/io_source.o
                0x000148bc                IR_Sensor::storeIrCode(unsigned long)
 .text._ZN9IR_Sensor12decodeIrCodeEv
                0x000148d8       0x64 ./L4_IO/src/io_source.o
                0x000148d8                IR_Sensor::decodeIrCode()
 .text._ZN9IR_Sensor4initEv
                0x0001493c       0x34 ./L4_IO/src/io_source.o
                0x0001493c                IR_Sensor::init()
 .text._ZN11LED_Display12setLeftDigitEc
                0x00014970       0x18 ./L4_IO/src/io_source.o
                0x00014970                LED_Display::setLeftDigit(char)
 .text._ZN11LED_Display13setRightDigitEc
                0x00014988       0x18 ./L4_IO/src/io_source.o
                0x00014988                LED_Display::setRightDigit(char)
 .text._ZN11LED_Display4initEv
                0x000149a0       0x38 ./L4_IO/src/io_source.o
                0x000149a0                LED_Display::init()
 .text._ZN11LED_Display9setNumberEc
                0x000149d8       0x3a ./L4_IO/src/io_source.o
                0x000149d8                LED_Display::setNumber(char)
 .text._ZN3LED4initEv
                0x00014a12        0x4 ./L4_IO/src/io_source.o
                0x00014a12                LED::init()
 *fill*         0x00014a16        0x2 ff
 .text._ZN3LED6setAllEh
                0x00014a18       0x5c ./L4_IO/src/io_source.o
                0x00014a18                LED::setAll(unsigned char)
 .text._ZN3LED2onEh
                0x00014a74       0x28 ./L4_IO/src/io_source.o
                0x00014a74                LED::on(unsigned char)
 .text._ZN3LED3offEh
                0x00014a9c       0x28 ./L4_IO/src/io_source.o
                0x00014a9c                LED::off(unsigned char)
 .text._ZN3LED3setEhb
                0x00014ac4        0xa ./L4_IO/src/io_source.o
                0x00014ac4                LED::set(unsigned char, bool)
 .text._ZN12Light_Sensor4initEv
                0x00014ace        0x4 ./L4_IO/src/io_source.o
                0x00014ace                Light_Sensor::init()
 .text._ZN12Light_Sensor11getRawValueEv
                0x00014ad2        0x6 ./L4_IO/src/io_source.o
                0x00014ad2                Light_Sensor::getRawValue()
 .text._ZN8Switches4initEv
                0x00014ad8        0x4 ./L4_IO/src/io_source.o
                0x00014ad8                Switches::init()
 .text._ZN8Switches15getSwitchValuesEv
                0x00014adc       0x18 ./L4_IO/src/io_source.o
                0x00014adc                Switches::getSwitchValues()
 .text._ZN8I2C_Temp4initEv
                0x00014af4       0x22 ./L4_IO/src/io_source.o
                0x00014af4                I2C_Temp::init()
 .text._ZN8I2C_Temp10getCelsiusEv
                0x00014b16       0x30 ./L4_IO/src/io_source.o
                0x00014b16                I2C_Temp::getCelsius()
 *fill*         0x00014b46        0x2 ff
 .text._ZN8I2C_Temp12getFarenheitEv
                0x00014b48       0x24 ./L4_IO/src/io_source.o
                0x00014b48                I2C_Temp::getFarenheit()
 .text._ZN7Storage4copyEPKcS1_PjS2_S2_
                0x00014b6c       0xf4 ./L4_IO/src/storage.o
                0x00014b6c                Storage::copy(char const*, char const*, unsigned int*, unsigned int*, unsigned int*)
 .text._ZN7Storage4readEPKcPvjj
                0x00014c60       0x44 ./L4_IO/src/storage.o
                0x00014c60                Storage::read(char const*, void*, unsigned int, unsigned int)
 .text._ZN7Storage5writeEPKcPvjj
                0x00014ca4       0x44 ./L4_IO/src/storage.o
                0x00014ca4                Storage::write(char const*, void*, unsigned int, unsigned int)
 .text._ZN7Storage6appendEPKcPKvjj
                0x00014ce8       0x48 ./L4_IO/src/storage.o
                0x00014ce8                Storage::append(char const*, void const*, unsigned int, unsigned int)
 .text.ff_convert
                0x00014d30       0x3c ./L4_IO/fat/option/ccsbcs.o
                0x00014d30                ff_convert
 .text.ff_wtoupper
                0x00014d6c       0x24 ./L4_IO/fat/option/ccsbcs.o
                0x00014d6c                ff_wtoupper
 .text.ff_cre_syncobj
                0x00014d90       0x14 ./L4_IO/fat/option/reentrant.o
                0x00014d90                ff_cre_syncobj
 .text.ff_del_syncobj
                0x00014da4        0x4 ./L4_IO/fat/option/reentrant.o
                0x00014da4                ff_del_syncobj
 .text.ff_req_grant
                0x00014da8       0x26 ./L4_IO/fat/option/reentrant.o
                0x00014da8                ff_req_grant
 .text.ff_rel_grant
                0x00014dce       0x1e ./L4_IO/fat/option/reentrant.o
                0x00014dce                ff_rel_grant
 .text.disk_initialize
                0x00014dec       0x26 ./L4_IO/fat/disk/diskio.o
                0x00014dec                disk_initialize
 .text.disk_status
                0x00014e12       0x10 ./L4_IO/fat/disk/diskio.o
                0x00014e12                disk_status
 .text.disk_read
                0x00014e22       0x38 ./L4_IO/fat/disk/diskio.o
                0x00014e22                disk_read
 .text.disk_write
                0x00014e5a       0x38 ./L4_IO/fat/disk/diskio.o
                0x00014e5a                disk_write
 .text.disk_ioctl
                0x00014e92       0x32 ./L4_IO/fat/disk/diskio.o
                0x00014e92                disk_ioctl
 .text.sys_get_uptime_ms
                0x00014ec4       0x12 ./L4_IO/fat/disk/sd.o
 *fill*         0x00014ed6        0x2 ff
 .text.ssp1_set_max_clock
                0x00014ed8       0x30 ./L4_IO/fat/disk/sd.o
 .text.ssp1_exchange_byte
                0x00014f08       0x18 ./L4_IO/fat/disk/sd.o
 .text.wait_ready
                0x00014f20       0x2e ./L4_IO/fat/disk/sd.o
                0x00014f20                wait_ready
 *fill*         0x00014f4e        0x2 ff
 .text.power_off
                0x00014f50       0x24 ./L4_IO/fat/disk/sd.o
                0x00014f50                power_off
 .text.rcvr_datablock
                0x00014f74       0x8c ./L4_IO/fat/disk/sd.o
                0x00014f74                rcvr_datablock
 .text.xmit_datablock
                0x00015000       0x4c ./L4_IO/fat/disk/sd.o
                0x00015000                xmit_datablock
 .text.send_cmd
                0x0001504c       0x90 ./L4_IO/fat/disk/sd.o
                0x0001504c                send_cmd
 .text.sd_update_card_status
                0x000150dc       0x24 ./L4_IO/fat/disk/sd.o
                0x000150dc                sd_update_card_status
 .text.sd_initialize
                0x00015100      0x170 ./L4_IO/fat/disk/sd.o
                0x00015100                sd_initialize
 .text.sd_status
                0x00015270       0x10 ./L4_IO/fat/disk/sd.o
                0x00015270                sd_status
 .text.sd_read  0x00015280       0x98 ./L4_IO/fat/disk/sd.o
                0x00015280                sd_read
 .text.sd_write
                0x00015318       0xb4 ./L4_IO/fat/disk/sd.o
                0x00015318                sd_write
 .text.sd_ioctl
                0x000153cc      0x234 ./L4_IO/fat/disk/sd.o
                0x000153cc                sd_ioctl
 .text._ZL24flash_get_mem_size_bytesv
                0x00015600       0x20 ./L4_IO/fat/disk/spi_flash.o
 .text._ZL37flash_perform_page_io_of_fatfs_sectorPFvPhmmES_m
                0x00015620       0x74 ./L4_IO/fat/disk/spi_flash.o
 .text.ssp1_exchange_data
                0x00015694       0xc4 ./L4_IO/fat/disk/spi_flash.o
 .text._ZL18flash_send_op_addr14flash_opcode_tm
                0x00015758       0x26 ./L4_IO/fat/disk/spi_flash.o
 *fill*         0x0001577e        0x2 ff
 .text._ZL15flash_read_pagePhmm
                0x00015780       0x44 ./L4_IO/fat/disk/spi_flash.o
 .text._ZL20flash_wait_for_readyv
                0x000157c4       0x44 ./L4_IO/fat/disk/spi_flash.o
 .text.flash_initialize
                0x00015808       0x98 ./L4_IO/fat/disk/spi_flash.o
                0x00015808                flash_initialize
 .text.flash_read_sectors
                0x000158a0       0x44 ./L4_IO/fat/disk/spi_flash.o
                0x000158a0                flash_read_sectors
 .text.flash_write_sectors
                0x000158e4       0x40 ./L4_IO/fat/disk/spi_flash.o
                0x000158e4                flash_write_sectors
 .text.flash_ioctl
                0x00015924       0x36 ./L4_IO/fat/disk/spi_flash.o
                0x00015924                flash_ioctl
 *fill*         0x0001595a        0x2 ff
 .text.flash_write_permanent_id
                0x0001595c       0x44 ./L4_IO/fat/disk/spi_flash.o
                0x0001595c                flash_write_permanent_id
 .text.flash_read_permanent_id
                0x000159a0       0x28 ./L4_IO/fat/disk/spi_flash.o
                0x000159a0                flash_read_permanent_id
 .text.flash_get_page_count
                0x000159c8       0x20 ./L4_IO/fat/disk/spi_flash.o
                0x000159c8                flash_get_page_count
 .text.flash_get_page_size
                0x000159e8        0xc ./L4_IO/fat/disk/spi_flash.o
                0x000159e8                flash_get_page_size
 .text.flash_supports_metadata
                0x000159f4       0x10 ./L4_IO/fat/disk/spi_flash.o
                0x000159f4                flash_supports_metadata
 .text._ZL16flash_write_pagePhmm
                0x00015a04       0x8c ./L4_IO/fat/disk/spi_flash.o
 .text.flash_get_page_write_count
                0x00015a90       0x54 ./L4_IO/fat/disk/spi_flash.o
                0x00015a90                flash_get_page_write_count
 .text.flash_chip_erase
                0x00015ae4       0x2c ./L4_IO/fat/disk/spi_flash.o
                0x00015ae4                flash_chip_erase
 .text.get_fattime
                0x00015b10       0x52 ./L4_IO/fat/fatfs_time.o
                0x00015b10                get_fattime
 .text.mem_cpy  0x00015b62       0x38 ./L4_IO/fat/ff.o
 .text.mem_set  0x00015b9a        0xe ./L4_IO/fat/ff.o
 .text.sum_sfn  0x00015ba8       0x1e ./L4_IO/fat/ff.o
 .text.get_ldnumber
                0x00015bc6       0x3c ./L4_IO/fat/ff.o
 .text.get_fileinfo
                0x00015c02       0xc4 ./L4_IO/fat/ff.o
 .text.sync_window.part.1
                0x00015cc6       0x46 ./L4_IO/fat/ff.o
 .text.sync_window
                0x00015d0c        0xc ./L4_IO/fat/ff.o
 .text.sync_fs  0x00015d18       0x74 ./L4_IO/fat/ff.o
 .text.move_window
                0x00015d8c       0x34 ./L4_IO/fat/ff.o
 .text.check_fs
                0x00015dc0       0x4c ./L4_IO/fat/ff.o
 .text.find_volume
                0x00015e0c      0x23c ./L4_IO/fat/ff.o
 .text.validate
                0x00016048       0x3a ./L4_IO/fat/ff.o
 .text.unlock_fs
                0x00016082       0x1a ./L4_IO/fat/ff.o
 .text.clust2sect
                0x0001609c       0x16 ./L4_IO/fat/ff.o
                0x0001609c                clust2sect
 .text.get_fat  0x000160b2       0xa6 ./L4_IO/fat/ff.o
                0x000160b2                get_fat
 .text.dir_sdi  0x00016158       0x7e ./L4_IO/fat/ff.o
 .text.put_fat  0x000161d6       0xd2 ./L4_IO/fat/ff.o
                0x000161d6                put_fat
 .text.create_chain
                0x000162a8       0xa2 ./L4_IO/fat/ff.o
 .text.dir_next
                0x0001634a       0xee ./L4_IO/fat/ff.o
 .text.dir_find.part.9
                0x00016438      0x124 ./L4_IO/fat/ff.o
 .text.follow_path
                0x0001655c      0x268 ./L4_IO/fat/ff.o
 .text.dir_register
                0x000167c4      0x224 ./L4_IO/fat/ff.o
 .text.dir_remove
                0x000169e8       0x5a ./L4_IO/fat/ff.o
 *fill*         0x00016a42        0x2 ff
 .text.dir_read.constprop.11
                0x00016a44       0xe8 ./L4_IO/fat/ff.o
 .text.remove_chain
                0x00016b2c       0x58 ./L4_IO/fat/ff.o
 .text.f_mount  0x00016b84       0x7c ./L4_IO/fat/ff.o
                0x00016b84                f_mount
 .text.f_open   0x00016c00      0x134 ./L4_IO/fat/ff.o
                0x00016c00                f_open
 .text.f_read   0x00016d34      0x170 ./L4_IO/fat/ff.o
                0x00016d34                f_read
 .text.f_write  0x00016ea4      0x1a2 ./L4_IO/fat/ff.o
                0x00016ea4                f_write
 .text.f_sync   0x00017046       0x8c ./L4_IO/fat/ff.o
                0x00017046                f_sync
 .text.f_close  0x000170d2       0x24 ./L4_IO/fat/ff.o
                0x000170d2                f_close
 .text.f_lseek  0x000170f6      0x14e ./L4_IO/fat/ff.o
                0x000170f6                f_lseek
 .text.f_opendir
                0x00017244       0x88 ./L4_IO/fat/ff.o
                0x00017244                f_opendir
 .text.f_readdir
                0x000172cc       0x5e ./L4_IO/fat/ff.o
                0x000172cc                f_readdir
 .text.f_getfree
                0x0001732a       0xca ./L4_IO/fat/ff.o
                0x0001732a                f_getfree
 .text.f_unlink
                0x000173f4       0xba ./L4_IO/fat/ff.o
                0x000173f4                f_unlink
 .text.f_mkdir  0x000174ae      0x152 ./L4_IO/fat/ff.o
                0x000174ae                f_mkdir
 .text.f_rename
                0x00017600      0x120 ./L4_IO/fat/ff.o
                0x00017600                f_rename
 .text.f_mkfs   0x00017720      0x4ec ./L4_IO/fat/ff.o
                0x00017720                f_mkfs
 .text._ZN16CommandProcessor10addHandlerEPFbR3strR7CharDevPvEPKcS8_S4_
                0x00017c0c       0x7c ./L3_Utils/src/command_handler.o
                0x00017c0c                CommandProcessor::addHandler(bool (*)(str&, CharDev&, void*), char const*, char const*, void*)
 .text._ZN16CommandProcessor24getRegisteredCommandListER7CharDev
                0x00017c88       0x98 ./L3_Utils/src/command_handler.o
                0x00017c88                CommandProcessor::getRegisteredCommandList(CharDev&)
 .text._ZN16CommandProcessor11getHelpTextER3strR7CharDev
                0x00017d20       0x70 ./L3_Utils/src/command_handler.o
                0x00017d20                CommandProcessor::getHelpText(str&, CharDev&)
 .text._ZN16CommandProcessor15prepareCmdParamER3strPKc
                0x00017d90       0x3c ./L3_Utils/src/command_handler.o
                0x00017d90                CommandProcessor::prepareCmdParam(str&, char const*)
 .text._ZN16CommandProcessor13handleCommandER3strR7CharDev
                0x00017dcc      0x14c ./L3_Utils/src/command_handler.o
                0x00017dcc                CommandProcessor::handleCommand(str&, CharDev&)
 .text.logger_get_buffer_ptr
                0x00017f18       0x44 ./L3_Utils/src/file_logger.o
 .text.logger_write_to_file
                0x00017f5c       0xb4 ./L3_Utils/src/file_logger.o
 .text.logger_task
                0x00018010       0xd0 ./L3_Utils/src/file_logger.o
 .text.logger_write_log_message
                0x000180e0       0x48 ./L3_Utils/src/file_logger.o
 .text.logger_send_flush_request
                0x00018128       0x34 ./L3_Utils/src/file_logger.o
                0x00018128                logger_send_flush_request
 .text.logger_get_logged_call_count
                0x0001815c       0x14 ./L3_Utils/src/file_logger.o
                0x0001815c                logger_get_logged_call_count
 .text.logger_get_blocked_call_count
                0x00018170        0xc ./L3_Utils/src/file_logger.o
                0x00018170                logger_get_blocked_call_count
 .text.logger_get_highest_file_write_time_ms
                0x0001817c        0xc ./L3_Utils/src/file_logger.o
                0x0001817c                logger_get_highest_file_write_time_ms
 .text.logger_get_num_buffers_watermark
                0x00018188        0xc ./L3_Utils/src/file_logger.o
                0x00018188                logger_get_num_buffers_watermark
 .text.logger_init
                0x00018194       0xd4 ./L3_Utils/src/file_logger.o
                0x00018194                logger_init
 .text.logger_set_printf
                0x00018268       0x1c ./L3_Utils/src/file_logger.o
                0x00018268                logger_set_printf
 .text.logger_log
                0x00018284      0x134 ./L3_Utils/src/file_logger.o
                0x00018284                logger_log
 .text.logger_log_raw
                0x000183b8       0x40 ./L3_Utils/src/file_logger.o
                0x000183b8                logger_log_raw
 .text.u0_dbg_put
                0x000183f8       0x1e ./L3_Utils/src/printf_lib.o
                0x000183f8                u0_dbg_put
 .text.u0_dbg_printf
                0x00018416       0x3c ./L3_Utils/src/printf_lib.o
                0x00018416                u0_dbg_printf
 .text.__sputc_r
                0x00018452       0x2c ./L3_Utils/src/scheduler_task.o
 *fill*         0x0001847e        0x2 ff
 .text._ZL9dbg_printPKcS0_
                0x00018480       0x34 ./L3_Utils/src/scheduler_task.o
 .text._ZL9printlinePKcS0_
                0x000184b4       0x38 ./L3_Utils/src/scheduler_task.o
 .text._Z24scheduler_c_task_privatePv
                0x000184ec      0x120 ./L3_Utils/src/scheduler_task.o
                0x000184ec                scheduler_c_task_private(void*)
 .text._Z18scheduler_init_allb
                0x0001860c       0xec ./L3_Utils/src/scheduler_task.o
                0x0001860c                scheduler_init_all(bool)
 .text._Z18scheduler_add_taskP14scheduler_task
                0x000186f8       0x1c ./L3_Utils/src/scheduler_task.o
                0x000186f8                scheduler_add_task(scheduler_task*)
 .text._Z15scheduler_startbb
                0x00018714       0x40 ./L3_Utils/src/scheduler_task.o
                0x00018714                scheduler_start(bool, bool)
 .text._ZN14scheduler_taskC2EPKcmhPv
                0x00018754       0x34 ./L3_Utils/src/scheduler_task.o
                0x00018754                scheduler_task::scheduler_task(char const*, unsigned long, unsigned char, void*)
                0x00018754                scheduler_task::scheduler_task(char const*, unsigned long, unsigned char, void*)
 .text._ZN14scheduler_task15getSharedObjectEh
                0x00018788       0x18 ./L3_Utils/src/scheduler_task.o
                0x00018788                scheduler_task::getSharedObject(unsigned char)
 .text._ZN3strC2EPci
                0x000187a0       0x2a ./L3_Utils/src/str.o
                0x000187a0                str::str(char*, int)
                0x000187a0                str::str(char*, int)
 .text._ZN3strD2Ev
                0x000187ca       0x24 ./L3_Utils/src/str.o
                0x000187ca                str::~str()
                0x000187ca                str::~str()
 .text._ZNK3str6getLenEv
                0x000187ee        0x6 ./L3_Utils/src/str.o
                0x000187ee                str::getLen() const
 .text._ZNK3str11getCapacityEv
                0x000187f4        0x4 ./L3_Utils/src/str.o
                0x000187f4                str::getCapacity() const
 .text._ZN3str5clearEv
                0x000187f8        0x8 ./L3_Utils/src/str.o
                0x000187f8                str::clear()
 .text._ZN3str5scanfEPKcz
                0x00018800       0x1c ./L3_Utils/src/str.o
                0x00018800                str::scanf(char const*, ...)
 .text._ZN3str8tokenizeEPKciz
                0x0001881c       0x4c ./L3_Utils/src/str.o
                0x0001881c                str::tokenize(char const*, int, ...)
 .text._ZNK3str9compareToEPKc
                0x00018868       0x14 ./L3_Utils/src/str.o
                0x00018868                str::compareTo(char const*) const
 .text._ZNK3str19compareToIgnoreCaseEPKc
                0x0001887c       0x10 ./L3_Utils/src/str.o
                0x0001887c                str::compareToIgnoreCase(char const*) const
 .text._ZNK3str22firstIndexOfIgnoreCaseEPKc
                0x0001888c       0x80 ./L3_Utils/src/str.o
                0x0001888c                str::firstIndexOfIgnoreCase(char const*) const
 .text._ZNK3str18containsIgnoreCaseEPKc
                0x0001890c        0xe ./L3_Utils/src/str.o
                0x0001890c                str::containsIgnoreCase(char const*) const
 .text._ZNK3str12firstIndexOfEPKc
                0x0001891a       0x16 ./L3_Utils/src/str.o
                0x0001891a                str::firstIndexOf(char const*) const
 .text._ZNK3str10beginsWithEPKc
                0x00018930       0x2e ./L3_Utils/src/str.o
                0x00018930                str::beginsWith(char const*) const
 .text._ZNK3str20beginsWithIgnoreCaseEPKc
                0x0001895e       0x2e ./L3_Utils/src/str.o
                0x0001895e                str::beginsWithIgnoreCase(char const*) const
 .text._ZNK3str29beginsWithWholeWordIgnoreCaseEPKcc
                0x0001898c       0x38 ./L3_Utils/src/str.o
                0x0001898c                str::beginsWithWholeWordIgnoreCase(char const*, char) const
 .text._ZN3str10eraseFirstEi
                0x000189c4       0x28 ./L3_Utils/src/str.o
                0x000189c4                str::eraseFirst(int)
 .text._ZN3str9eraseLastEi
                0x000189ec       0x20 ./L3_Utils/src/str.o
                0x000189ec                str::eraseLast(int)
 .text._ZN3str10eraseAfterEii
                0x00018a0c       0x38 ./L3_Utils/src/str.o
                0x00018a0c                str::eraseAfter(int, int)
 .text._ZN3str5eraseEPKc
                0x00018a44       0x28 ./L3_Utils/src/str.o
                0x00018a44                str::erase(char const*)
 .text._ZN3str15eraseFirstWordsEic
                0x00018a6c       0x2a ./L3_Utils/src/str.o
                0x00018a6c                str::eraseFirstWords(int, char)
 .text._ZN3str9trimStartEPKc
                0x00018a96       0x40 ./L3_Utils/src/str.o
                0x00018a96                str::trimStart(char const*)
 .text._ZN3str7trimEndEPKc
                0x00018ad6       0x3a ./L3_Utils/src/str.o
                0x00018ad6                str::trimEnd(char const*)
 .text._ZNK3streqEPKc
                0x00018b10        0x4 ./L3_Utils/src/str.o
                0x00018b10                str::operator==(char const*) const
 .text._ZNK3strclEv
                0x00018b14        0x4 ./L3_Utils/src/str.o
                0x00018b14                str::operator()() const
 .text._ZNK3strcviEv
                0x00018b18        0x6 ./L3_Utils/src/str.o
                0x00018b18                str::operator int() const
 .text._ZN3strixEi
                0x00018b1e       0x14 ./L3_Utils/src/str.o
                0x00018b1e                str::operator[](int)
 .text._ZN3str13reAllocateMemEi
                0x00018b32       0x4c ./L3_Utils/src/str.o
                0x00018b32                str::reAllocateMem(int)
 .text._ZN3str4initEi
                0x00018b7e       0x10 ./L3_Utils/src/str.o
                0x00018b7e                str::init(int)
 .text._ZN3strC2Ei
                0x00018b8e        0xc ./L3_Utils/src/str.o
                0x00018b8e                str::str(int)
                0x00018b8e                str::str(int)
 .text._ZN3str7reserveEi
                0x00018b9a        0xe ./L3_Utils/src/str.o
                0x00018b9a                str::reserve(int)
 .text._ZN3str6printfEPKcz
                0x00018ba8       0x42 ./L3_Utils/src/str.o
                0x00018ba8                str::printf(char const*, ...)
 .text._ZN3str26ensureMemoryToInsertNCharsEi
                0x00018bea       0x22 ./L3_Utils/src/str.o
                0x00018bea                str::ensureMemoryToInsertNChars(int)
 .text._ZN3str11insertAtEndEPKc
                0x00018c0c       0x22 ./L3_Utils/src/str.o
                0x00018c0c                str::insertAtEnd(char const*)
 .text._ZN3strpLEc
                0x00018c2e       0x1a ./L3_Utils/src/str.o
                0x00018c2e                str::operator+=(char)
 .text._ZN3str8copyFromEPKc
                0x00018c48       0x3c ./L3_Utils/src/str.o
                0x00018c48                str::copyFrom(char const*)
 .text._ZN3straSEPKc
                0x00018c84        0x4 ./L3_Utils/src/str.o
                0x00018c84                str::operator=(char const*)
 .text.delay_us
                0x00018c88       0x1c ./L3_Utils/src/utilities.o
                0x00018c88                delay_us
 .text.is_freertos_running
                0x00018ca4        0xe ./L3_Utils/src/utilities.o
                0x00018ca4                is_freertos_running
 .text.delay_ms
                0x00018cb2       0x22 ./L3_Utils/src/utilities.o
                0x00018cb2                delay_ms
 .text.adc0_start_conversion
                0x00018cd4       0x24 ./L2_Drivers/src/adc.o
 .text.adc_isr  0x00018cf8       0x48 ./L2_Drivers/src/adc.o
 .text.adc0_init
                0x00018d40       0x80 ./L2_Drivers/src/adc.o
                0x00018d40                adc0_init
 .text.adc0_get_reading
                0x00018dc0       0x78 ./L2_Drivers/src/adc.o
                0x00018dc0                adc0_get_reading
 .text.CAN_tx_now
                0x00018e38       0x32 ./L2_Drivers/src/can.o
 *fill*         0x00018e6a        0x2 ff
 .text.CAN_handle_isr
                0x00018e6c       0xa0 ./L2_Drivers/src/can.o
 .text.CAN_isr  0x00018f0c       0x28 ./L2_Drivers/src/can.o
 .text.CAN_init
                0x00018f34      0x19c ./L2_Drivers/src/can.o
                0x00018f34                CAN_init
 .text.CAN_is_bus_off
                0x000190d0       0x1c ./L2_Drivers/src/can.o
                0x000190d0                CAN_is_bus_off
 .text.CAN_tx   0x000190ec       0xa4 ./L2_Drivers/src/can.o
                0x000190ec                CAN_tx
 .text.CAN_reset_bus
                0x00019190       0x18 ./L2_Drivers/src/can.o
                0x00019190                CAN_reset_bus
 .text.CAN_bypass_filter_accept_all_msgs
                0x000191a8        0xc ./L2_Drivers/src/can.o
                0x000191a8                CAN_bypass_filter_accept_all_msgs
 .text.handle_eint_list
                0x000191b4       0x2c ./L2_Drivers/src/eint.o
 .text.EINT3_isr
                0x000191e0       0x80 ./L2_Drivers/src/eint.o
 .text.eint3_enable.isra.0
                0x00019260       0x44 ./L2_Drivers/src/eint.o
 .text.eint3_enable_port0
                0x000192a4       0x30 ./L2_Drivers/src/eint.o
                0x000192a4                eint3_enable_port0
 .text.eint3_enable_port2
                0x000192d4       0x30 ./L2_Drivers/src/eint.o
                0x000192d4                eint3_enable_port2
 .text._ZN4I2C24initEj
                0x00019304       0x78 ./L2_Drivers/src/i2c2.o
                0x00019304                I2C2::init(unsigned int)
 .text._ZN4I2C2C2Ev
                0x0001937c       0x14 ./L2_Drivers/src/i2c2.o
                0x0001937c                I2C2::I2C2()
                0x0001937c                I2C2::I2C2()
 .text._ZL8i2c2_isrv
                0x00019390       0x24 ./L2_Drivers/src/i2c2.o
 .text._ZN3PWMC2ENS_7pwmTypeEj
                0x000193b4       0x84 ./L2_Drivers/src/lpc_pwm.o
                0x000193b4                PWM::PWM(PWM::pwmType, unsigned int)
                0x000193b4                PWM::PWM(PWM::pwmType, unsigned int)
 .text._ZN3PWMD2Ev
                0x00019438       0x30 ./L2_Drivers/src/lpc_pwm.o
                0x00019438                PWM::~PWM()
                0x00019438                PWM::~PWM()
 .text._ZN3PWM3setEf
                0x00019468       0x80 ./L2_Drivers/src/lpc_pwm.o
                0x00019468                PWM::set(float)
 .text.lpc_timer_get_struct
                0x000194e8       0x20 ./L2_Drivers/src/lpc_timers.o
 .text.lpc_timer_enable
                0x00019508       0x54 ./L2_Drivers/src/lpc_timers.o
                0x00019508                lpc_timer_enable
 .text._ZN12NordicStream5flushEv
                0x0001955c       0x5c ./L2_Drivers/src/nrf_stream.o
                0x0001955c                NordicStream::flush()
 .text._ZN12NordicStreamD2Ev
                0x000195b8       0x14 ./L2_Drivers/src/nrf_stream.o
                0x000195b8                NordicStream::~NordicStream()
                0x000195b8                NordicStream::~NordicStream()
 .text._ZN12NordicStreamD0Ev
                0x000195cc       0x12 ./L2_Drivers/src/nrf_stream.o
                0x000195cc                NordicStream::~NordicStream()
 .text._ZN12NordicStream7getCharEPcj
                0x000195de       0x44 ./L2_Drivers/src/nrf_stream.o
                0x000195de                NordicStream::getChar(char*, unsigned int)
 .text._ZN12NordicStream7putCharEcj
                0x00019622       0x22 ./L2_Drivers/src/nrf_stream.o
                0x00019622                NordicStream::putChar(char, unsigned int)
 .text._ZN12NordicStreamC2Ev
                0x00019644       0x40 ./L2_Drivers/src/nrf_stream.o
                0x00019644                NordicStream::NordicStream()
                0x00019644                NordicStream::NordicStream()
 .text.rtc_gettime
                0x00019684       0x50 ./L2_Drivers/src/rtc.o
                0x00019684                rtc_gettime
 .text.rtc_settime
                0x000196d4       0x68 ./L2_Drivers/src/rtc.o
                0x000196d4                rtc_settime
 .text.rtc_init
                0x0001973c       0xd0 ./L2_Drivers/src/rtc.o
                0x0001973c                rtc_init
 .text.rtc_get_date_time_str
                0x0001980c       0x14 ./L2_Drivers/src/rtc.o
                0x0001980c                rtc_get_date_time_str
 .text.ssp1_dma_init
                0x00019820       0x1c ./L2_Drivers/src/spi_dma.o
                0x00019820                ssp1_dma_init
 .text.ssp1_dma_transfer_block
                0x0001983c       0xc4 ./L2_Drivers/src/spi_dma.o
                0x0001983c                ssp1_dma_transfer_block
 .text.spi1_lock
                0x00019900       0x30 ./L2_Drivers/src/spi_sem.o
                0x00019900                spi1_lock
 .text.spi1_unlock
                0x00019930       0x24 ./L2_Drivers/src/spi_sem.o
                0x00019930                spi1_unlock
 .text._ZN5Uart0D2Ev
                0x00019954       0x14 ./L2_Drivers/src/uart0.o
                0x00019954                Uart0::~Uart0()
                0x00019954                Uart0::~Uart0()
 .text._ZN5Uart0D0Ev
                0x00019968       0x12 ./L2_Drivers/src/uart0.o
                0x00019968                Uart0::~Uart0()
 *fill*         0x0001997a        0x2 ff
 .text._ZN5Uart04initEjii
                0x0001997c       0x54 ./L2_Drivers/src/uart0.o
                0x0001997c                Uart0::init(unsigned int, int, int)
 .text._ZN5Uart0C2Ev
                0x000199d0       0x1c ./L2_Drivers/src/uart0.o
                0x000199d0                Uart0::Uart0()
                0x000199d0                Uart0::Uart0()
 .text._ZL9uart0_isrv
                0x000199ec       0x24 ./L2_Drivers/src/uart0.o
 .text._ZN5Uart2D2Ev
                0x00019a10       0x14 ./L2_Drivers/src/uart2.o
                0x00019a10                Uart2::~Uart2()
                0x00019a10                Uart2::~Uart2()
 .text._ZN5Uart2D0Ev
                0x00019a24       0x12 ./L2_Drivers/src/uart2.o
                0x00019a24                Uart2::~Uart2()
 *fill*         0x00019a36        0x2 ff
 .text._ZN5Uart24initEjii
                0x00019a38       0x54 ./L2_Drivers/src/uart2.o
                0x00019a38                Uart2::init(unsigned int, int, int)
 .text._ZN5Uart2C2Ev
                0x00019a8c       0x1c ./L2_Drivers/src/uart2.o
                0x00019a8c                Uart2::Uart2()
                0x00019a8c                Uart2::Uart2()
 .text._ZL9uart2_isrv
                0x00019aa8       0x24 ./L2_Drivers/src/uart2.o
 .text._ZN7CharDev5flushEv
                0x00019acc        0x4 ./L2_Drivers/base/char_dev.o
                0x00019acc                CharDev::flush()
 .text._ZN7CharDev3putEPKcj
                0x00019ad0       0x28 ./L2_Drivers/base/char_dev.o
                0x00019ad0                CharDev::put(char const*, unsigned int)
 .text._ZN7CharDev7putlineEPKcj
                0x00019af8       0x1c ./L2_Drivers/base/char_dev.o
                0x00019af8                CharDev::putline(char const*, unsigned int)
 .text._ZN7CharDev4getsEPcij
                0x00019b14       0x50 ./L2_Drivers/base/char_dev.o
                0x00019b14                CharDev::gets(char*, int, unsigned int)
 .text._ZN7CharDev6printfEPKcz
                0x00019b64       0x78 ./L2_Drivers/base/char_dev.o
                0x00019b64                CharDev::printf(char const*, ...)
 .text._ZN7CharDevC2Ev
                0x00019bdc       0x20 ./L2_Drivers/base/char_dev.o
                0x00019bdc                CharDev::CharDev()
                0x00019bdc                CharDev::CharDev()
 .text._ZN7CharDevD2Ev
                0x00019bfc       0x18 ./L2_Drivers/base/char_dev.o
                0x00019bfc                CharDev::~CharDev()
                0x00019bfc                CharDev::~CharDev()
 .text._ZN8I2C_Base8transferEhhPhm
                0x00019c14       0xdc ./L2_Drivers/base/i2c_base.o
                0x00019c14                I2C_Base::transfer(unsigned char, unsigned char, unsigned char*, unsigned long)
 .text._ZN8I2C_Base13readRegistersEhhPhm
                0x00019cf0        0x8 ./L2_Drivers/base/i2c_base.o
                0x00019cf0                I2C_Base::readRegisters(unsigned char, unsigned char, unsigned char*, unsigned long)
 .text._ZN8I2C_Base7readRegEhh
                0x00019cf8       0x1a ./L2_Drivers/base/i2c_base.o
                0x00019cf8                I2C_Base::readReg(unsigned char, unsigned char)
 .text._ZN8I2C_Base14writeRegistersEhhPhm
                0x00019d12        0x8 ./L2_Drivers/base/i2c_base.o
                0x00019d12                I2C_Base::writeRegisters(unsigned char, unsigned char, unsigned char*, unsigned long)
 .text._ZN8I2C_Base8writeRegEhhh
                0x00019d1a       0x16 ./L2_Drivers/base/i2c_base.o
                0x00019d1a                I2C_Base::writeReg(unsigned char, unsigned char, unsigned char)
 .text._ZN8I2C_Base19checkDeviceResponseEh
                0x00019d30       0x16 ./L2_Drivers/base/i2c_base.o
                0x00019d30                I2C_Base::checkDeviceResponse(unsigned char)
 *fill*         0x00019d46        0x2 ff
 .text._ZN8I2C_BaseC2EP15LPC_I2C_TypeDef
                0x00019d48       0x50 ./L2_Drivers/base/i2c_base.o
                0x00019d48                I2C_Base::I2C_Base(LPC_I2C_TypeDef*)
                0x00019d48                I2C_Base::I2C_Base(LPC_I2C_TypeDef*)
 .text._ZN8I2C_Base4initEmm
                0x00019d98       0x90 ./L2_Drivers/base/i2c_base.o
                0x00019d98                I2C_Base::init(unsigned long, unsigned long)
 .text._ZN8I2C_Base15i2cStateMachineEv
                0x00019e28      0x122 ./L2_Drivers/base/i2c_base.o
                0x00019e28                I2C_Base::i2cStateMachine()
 *fill*         0x00019f4a        0x2 ff
 .text._ZN8I2C_Base15handleInterruptEv
                0x00019f4c       0x34 ./L2_Drivers/base/i2c_base.o
                0x00019f4c                I2C_Base::handleInterrupt()
 .text._ZN7UartDevD2Ev
                0x00019f80       0x14 ./L2_Drivers/base/uart_dev.o
                0x00019f80                UartDev::~UartDev()
                0x00019f80                UartDev::~UartDev()
 .text._ZN7UartDevD0Ev
                0x00019f94       0x12 ./L2_Drivers/base/uart_dev.o
                0x00019f94                UartDev::~UartDev()
 .text._ZN7UartDev5flushEv
                0x00019fa6       0x20 ./L2_Drivers/base/uart_dev.o
                0x00019fa6                UartDev::flush()
 .text._ZN7UartDev7putCharEcj
                0x00019fc6       0x5a ./L2_Drivers/base/uart_dev.o
                0x00019fc6                UartDev::putChar(char, unsigned int)
 .text._ZN7UartDev7getCharEPcj
                0x0001a020       0x6e ./L2_Drivers/base/uart_dev.o
                0x0001a020                UartDev::getChar(char*, unsigned int)
 *fill*         0x0001a08e        0x2 ff
 .text._ZN7UartDev11setBaudRateEj
                0x0001a090       0x3c ./L2_Drivers/base/uart_dev.o
                0x0001a090                UartDev::setBaudRate(unsigned int)
 .text._ZN7UartDev15handleInterruptEv
                0x0001a0cc       0xc0 ./L2_Drivers/base/uart_dev.o
                0x0001a0cc                UartDev::handleInterrupt()
 .text._ZN7UartDevC2EPj
                0x0001a18c       0x28 ./L2_Drivers/base/uart_dev.o
                0x0001a18c                UartDev::UartDev(unsigned int*)
                0x0001a18c                UartDev::UartDev(unsigned int*)
 .text._ZN7UartDev4initEjjii
                0x0001a1b4       0xb0 ./L2_Drivers/base/uart_dev.o
                0x0001a1b4                UartDev::init(unsigned int, unsigned int, int, int)
 .text.vListInitialise
                0x0001a264       0x16 ./L1_FreeRTOS/src/list.o
                0x0001a264                vListInitialise
 .text.vListInitialiseItem
                0x0001a27a        0x6 ./L1_FreeRTOS/src/list.o
                0x0001a27a                vListInitialiseItem
 .text.vListInsertEnd
                0x0001a280       0x18 ./L1_FreeRTOS/src/list.o
                0x0001a280                vListInsertEnd
 .text.vListInsert
                0x0001a298       0x30 ./L1_FreeRTOS/src/list.o
                0x0001a298                vListInsert
 .text.uxListRemove
                0x0001a2c8       0x20 ./L1_FreeRTOS/src/list.o
                0x0001a2c8                uxListRemove
 .text.prvCopyDataToQueue
                0x0001a2e8       0x70 ./L1_FreeRTOS/src/queue.o
 .text.prvNotifyQueueSetContainer
                0x0001a358       0x4a ./L1_FreeRTOS/src/queue.o
 .text.prvCopyDataFromQueue
                0x0001a3a2       0x28 ./L1_FreeRTOS/src/queue.o
 .text.prvUnlockQueue
                0x0001a3ca       0x7c ./L1_FreeRTOS/src/queue.o
 *fill*         0x0001a446        0x2 ff
 .text.xQueueGenericReset
                0x0001a448       0x6c ./L1_FreeRTOS/src/queue.o
                0x0001a448                xQueueGenericReset
 .text.xQueueGenericCreate
                0x0001a4b4       0x32 ./L1_FreeRTOS/src/queue.o
                0x0001a4b4                xQueueGenericCreate
 .text.xQueueCreateCountingSemaphore
                0x0001a4e6       0x12 ./L1_FreeRTOS/src/queue.o
                0x0001a4e6                xQueueCreateCountingSemaphore
 .text.xQueueGenericSend
                0x0001a4f8      0x108 ./L1_FreeRTOS/src/queue.o
                0x0001a4f8                xQueueGenericSend
 .text.xQueueCreateMutex
                0x0001a600       0x24 ./L1_FreeRTOS/src/queue.o
                0x0001a600                xQueueCreateMutex
 .text.xQueueGenericSendFromISR
                0x0001a624       0x7c ./L1_FreeRTOS/src/queue.o
                0x0001a624                xQueueGenericSendFromISR
 .text.xQueueGiveFromISR
                0x0001a6a0       0x62 ./L1_FreeRTOS/src/queue.o
                0x0001a6a0                xQueueGiveFromISR
 *fill*         0x0001a702        0x2 ff
 .text.xQueueGenericReceive
                0x0001a704      0x134 ./L1_FreeRTOS/src/queue.o
                0x0001a704                xQueueGenericReceive
 .text.xQueueReceiveFromISR
                0x0001a838       0x64 ./L1_FreeRTOS/src/queue.o
                0x0001a838                xQueueReceiveFromISR
 .text.uxQueueMessagesWaiting
                0x0001a89c       0x12 ./L1_FreeRTOS/src/queue.o
                0x0001a89c                uxQueueMessagesWaiting
 .text.uxQueueMessagesWaitingFromISR
                0x0001a8ae        0x4 ./L1_FreeRTOS/src/queue.o
                0x0001a8ae                uxQueueMessagesWaitingFromISR
 .text.xQueueSelectFromSet
                0x0001a8b2       0x18 ./L1_FreeRTOS/src/queue.o
                0x0001a8b2                xQueueSelectFromSet
 .text.prvResetRunTimeStatsInList
                0x0001a8ca       0x32 ./L1_FreeRTOS/src/tasks.o
 .text.prvIdleTask
                0x0001a8fc       0x28 ./L1_FreeRTOS/src/tasks.o
 .text.prvResetNextTaskUnblockTime
                0x0001a924       0x24 ./L1_FreeRTOS/src/tasks.o
 .text.prvAddCurrentTaskToDelayedList
                0x0001a948       0x90 ./L1_FreeRTOS/src/tasks.o
 .text.xTaskCreate
                0x0001a9d8      0x1a4 ./L1_FreeRTOS/src/tasks.o
                0x0001a9d8                xTaskCreate
 .text.eTaskGetState
                0x0001ab7c       0x54 ./L1_FreeRTOS/src/tasks.o
                0x0001ab7c                eTaskGetState
 .text.vTaskStartScheduler
                0x0001abd0       0x64 ./L1_FreeRTOS/src/tasks.o
                0x0001abd0                vTaskStartScheduler
 .text.vTaskEndScheduler
                0x0001ac34       0x20 ./L1_FreeRTOS/src/tasks.o
                0x0001ac34                vTaskEndScheduler
 .text.vTaskSuspendAll
                0x0001ac54       0x10 ./L1_FreeRTOS/src/tasks.o
                0x0001ac54                vTaskSuspendAll
 .text.xTaskGetTickCount
                0x0001ac64        0xc ./L1_FreeRTOS/src/tasks.o
                0x0001ac64                xTaskGetTickCount
 .text.xTaskGetTickCountFromISR
                0x0001ac70        0xc ./L1_FreeRTOS/src/tasks.o
                0x0001ac70                xTaskGetTickCountFromISR
 .text.uxTaskGetNumberOfTasks
                0x0001ac7c        0xc ./L1_FreeRTOS/src/tasks.o
                0x0001ac7c                uxTaskGetNumberOfTasks
 .text.xTaskIncrementTick
                0x0001ac88      0x118 ./L1_FreeRTOS/src/tasks.o
                0x0001ac88                xTaskIncrementTick
 .text.xTaskResumeAll
                0x0001ada0       0xdc ./L1_FreeRTOS/src/tasks.o
                0x0001ada0                xTaskResumeAll
 .text.vTaskDelayUntil
                0x0001ae7c       0x58 ./L1_FreeRTOS/src/tasks.o
                0x0001ae7c                vTaskDelayUntil
 .text.vTaskDelay
                0x0001aed4       0x30 ./L1_FreeRTOS/src/tasks.o
                0x0001aed4                vTaskDelay
 .text.vTaskSwitchContext
                0x0001af04       0xb8 ./L1_FreeRTOS/src/tasks.o
                0x0001af04                vTaskSwitchContext
 .text.vTaskSuspend
                0x0001afbc       0xb4 ./L1_FreeRTOS/src/tasks.o
                0x0001afbc                vTaskSuspend
 .text.vTaskPlaceOnEventList
                0x0001b070       0x20 ./L1_FreeRTOS/src/tasks.o
                0x0001b070                vTaskPlaceOnEventList
 .text.xTaskRemoveFromEventList
                0x0001b090       0x70 ./L1_FreeRTOS/src/tasks.o
                0x0001b090                xTaskRemoveFromEventList
 .text.vTaskSetTimeOutState
                0x0001b100       0x18 ./L1_FreeRTOS/src/tasks.o
                0x0001b100                vTaskSetTimeOutState
 .text.xTaskCheckForTimeOut
                0x0001b118       0x4c ./L1_FreeRTOS/src/tasks.o
                0x0001b118                xTaskCheckForTimeOut
 .text.vTaskMissedYield
                0x0001b164        0xc ./L1_FreeRTOS/src/tasks.o
                0x0001b164                vTaskMissedYield
 .text.vTaskGetInfo
                0x0001b170       0x80 ./L1_FreeRTOS/src/tasks.o
                0x0001b170                vTaskGetInfo
 .text.prvListTasksWithinSingleList
                0x0001b1f0       0x5e ./L1_FreeRTOS/src/tasks.o
 *fill*         0x0001b24e        0x2 ff
 .text.uxTaskGetSystemState
                0x0001b250       0x9c ./L1_FreeRTOS/src/tasks.o
                0x0001b250                uxTaskGetSystemState
 .text.uxTaskGetStackHighWaterMark
                0x0001b2ec       0x20 ./L1_FreeRTOS/src/tasks.o
                0x0001b2ec                uxTaskGetStackHighWaterMark
 .text.xTaskGetSchedulerState
                0x0001b30c       0x20 ./L1_FreeRTOS/src/tasks.o
                0x0001b30c                xTaskGetSchedulerState
 .text.vTaskPriorityInherit
                0x0001b32c       0x94 ./L1_FreeRTOS/src/tasks.o
                0x0001b32c                vTaskPriorityInherit
 .text.xTaskPriorityDisinherit
                0x0001b3c0       0x70 ./L1_FreeRTOS/src/tasks.o
                0x0001b3c0                xTaskPriorityDisinherit
 .text.pvTaskIncrementMutexHeldCount
                0x0001b430       0x18 ./L1_FreeRTOS/src/tasks.o
                0x0001b430                pvTaskIncrementMutexHeldCount
 .text.vTaskResetRunTimeStats
                0x0001b448       0x70 ./L1_FreeRTOS/src/tasks.o
                0x0001b448                vTaskResetRunTimeStats
 .text.vRunTimeStatIsrEntry
                0x0001b4b8       0x28 ./L1_FreeRTOS/src/tasks.o
                0x0001b4b8                vRunTimeStatIsrEntry
 .text.vRunTimeStatIsrExit
                0x0001b4e0       0x10 ./L1_FreeRTOS/src/tasks.o
                0x0001b4e0                vRunTimeStatIsrExit
 .text.prvTaskExitError
                0x0001b4f0       0x12 ./L1_FreeRTOS/portable/no_mpu/port.o
 *fill*         0x0001b502        0x2 ff
 .text.prvPortStartFirstTask
                0x0001b504       0x20 ./L1_FreeRTOS/portable/no_mpu/port.o
 .text.pxPortInitialiseStack
                0x0001b524       0x24 ./L1_FreeRTOS/portable/no_mpu/port.o
                0x0001b524                pxPortInitialiseStack
 *fill*         0x0001b548        0x8 ff
 .text.vPortSVCHandler
                0x0001b550       0x24 ./L1_FreeRTOS/portable/no_mpu/port.o
                0x0001b550                vPortSVCHandler
 .text.vPortEndScheduler
                0x0001b574        0x2 ./L1_FreeRTOS/portable/no_mpu/port.o
                0x0001b574                vPortEndScheduler
 *fill*         0x0001b576        0x2 ff
 .text.vPortEnterCritical
                0x0001b578       0x20 ./L1_FreeRTOS/portable/no_mpu/port.o
                0x0001b578                vPortEnterCritical
 .text.vPortExitCritical
                0x0001b598       0x14 ./L1_FreeRTOS/portable/no_mpu/port.o
                0x0001b598                vPortExitCritical
 *fill*         0x0001b5ac        0x4 ff
 .text.xPortPendSVHandler
                0x0001b5b0       0x44 ./L1_FreeRTOS/portable/no_mpu/port.o
                0x0001b5b0                xPortPendSVHandler
 .text.xPortSysTickHandler
                0x0001b5f4       0x2c ./L1_FreeRTOS/portable/no_mpu/port.o
                0x0001b5f4                xPortSysTickHandler
 .text.vPortSetupTimerInterrupt
                0x0001b620       0x18 ./L1_FreeRTOS/portable/no_mpu/port.o
                0x0001b620                vPortSetupTimerInterrupt
 .text.xPortStartScheduler
                0x0001b638       0x30 ./L1_FreeRTOS/portable/no_mpu/port.o
                0x0001b638                xPortStartScheduler
 .text.rts_not_full_trace_init
                0x0001b668       0x14 ./L1_FreeRTOS/portable/run_time_stats.o
                0x0001b668                rts_not_full_trace_init
 .text.rts_not_full_trace_get
                0x0001b67c       0x14 ./L1_FreeRTOS/portable/run_time_stats.o
                0x0001b67c                rts_not_full_trace_get
 .text.rts_not_full_trace_reset
                0x0001b690       0x14 ./L1_FreeRTOS/portable/run_time_stats.o
                0x0001b690                rts_not_full_trace_reset
 .text.vApplicationIdleHook
                0x0001b6a4        0x4 ./L1_FreeRTOS/hooks/hooks.o
                0x0001b6a4                vApplicationIdleHook
 .text.vApplicationStackOverflowHook
                0x0001b6a8       0x38 ./L1_FreeRTOS/hooks/hooks.o
                0x0001b6a8                vApplicationStackOverflowHook
 .text.vApplicationMallocFailedHook
                0x0001b6e0       0x24 ./L1_FreeRTOS/hooks/hooks.o
                0x0001b6e0                vApplicationMallocFailedHook
 .text.pvPortMalloc
                0x0001b704       0x1e ./L1_FreeRTOS/MemMang/freertos_mem_man.o
                0x0001b704                pvPortMalloc
 .text.vPortFree
                0x0001b722       0x1a ./L1_FreeRTOS/MemMang/freertos_mem_man.o
                0x0001b722                vPortFree
 .text.__set_PSP
                0x0001b73c        0x6 ./L0_LowLevel/source/core_cm3.o
                0x0001b73c                __set_PSP
 .text.__set_MSP
                0x0001b742        0x6 ./L0_LowLevel/source/core_cm3.o
                0x0001b742                __set_MSP
 .text.__set_BASEPRI
                0x0001b748        0x6 ./L0_LowLevel/source/core_cm3.o
                0x0001b748                __set_BASEPRI
 *fill*         0x0001b74e        0x2 ff
 .text.sys_get_boot_type
                0x0001b750        0xc ./L0_LowLevel/source/low_level_init.o
                0x0001b750                sys_get_boot_type
 .text.sys_get_boot_time
                0x0001b75c       0x14 ./L0_LowLevel/source/low_level_init.o
                0x0001b75c                sys_get_boot_time
 .text._Z14low_level_initv
                0x0001b770      0x238 ./L0_LowLevel/source/low_level_init.o
                0x0001b770                low_level_init()
 .text.lpc_pconp
                0x0001b9a8       0x30 ./L0_LowLevel/source/lpc_peripherals.o
                0x0001b9a8                lpc_pconp
 .text.lpc_pclk
                0x0001b9d8       0x48 ./L0_LowLevel/source/lpc_peripherals.o
                0x0001b9d8                lpc_pclk
 .text.lpc_sys_setup_system_timer
                0x0001ba20       0x60 ./L0_LowLevel/source/lpc_sys.o
                0x0001ba20                lpc_sys_setup_system_timer
 .text.sys_get_uptime_us
                0x0001ba80       0x2c ./L0_LowLevel/source/lpc_sys.o
                0x0001ba80                sys_get_uptime_us
 .text.sys_get_mem_info_str
                0x0001baac       0x38 ./L0_LowLevel/source/lpc_sys.o
                0x0001baac                sys_get_mem_info_str
 .text._ZL7sys_isrv
                0x0001bae4       0xbc ./L0_LowLevel/source/lpc_sys.o
 .text.isr_forwarder_routine
                0x0001bba0       0x3c ./L0_LowLevel/source/startup.o
 .text.isr_register
                0x0001bbdc       0x10 ./L0_LowLevel/source/startup.o
                0x0001bbdc                isr_register
 .text.isr_hard_fault_handler
                0x0001bbec       0x58 ./L0_LowLevel/source/startup.o
                0x0001bbec                isr_hard_fault_handler
 .text._ZL19sys_clock_pll0_feedv
                0x0001bc44       0x14 ./L0_LowLevel/source/sys_clock.o
 .text._ZL23sys_clock_configure_plljjPiS_S_.constprop.0
                0x0001bc58       0x78 ./L0_LowLevel/source/sys_clock.o
 .text._Z19sys_clock_configurev
                0x0001bcd0       0xb4 ./L0_LowLevel/source/sys_clock.o
                0x0001bcd0                sys_clock_configure()
 .text.sys_get_cpu_clock
                0x0001bd84       0xa4 ./L0_LowLevel/source/sys_clock.o
                0x0001bd84                sys_get_cpu_clock
 .text.uart0_init
                0x0001be28       0x60 ./L0_LowLevel/source/uart0_min.o
                0x0001be28                uart0_init
 .text.uart0_getchar
                0x0001be88       0x18 ./L0_LowLevel/source/uart0_min.o
                0x0001be88                uart0_getchar
 .text.uart0_putchar
                0x0001bea0       0x18 ./L0_LowLevel/source/uart0_min.o
                0x0001bea0                uart0_putchar
 .text.uart0_puts
                0x0001beb8       0x1a ./L0_LowLevel/source/uart0_min.o
                0x0001beb8                uart0_puts
 *fill*         0x0001bed2        0x2 ff
 .text._ZN10__cxxabiv120__si_class_type_infoD2Ev
                0x0001bed4       0x14 c:/users/aakash/downloads/cmpe243/sjsu_dev_hyperload2/sjsu_dev/toolchain/bin/../lib/gcc/arm-none-eabi/5.4.1/../../../../arm-none-eabi/lib/armv7-m\libstdc++_nano.a(si_class_type_info.o)
                0x0001bed4                __cxxabiv1::__si_class_type_info::~__si_class_type_info()
                0x0001bed4                __cxxabiv1::__si_class_type_info::~__si_class_type_info()
 .text._ZN10__cxxabiv120__si_class_type_infoD0Ev
                0x0001bee8       0x12 c:/users/aakash/downloads/cmpe243/sjsu_dev_hyperload2/sjsu_dev/toolchain/bin/../lib/gcc/arm-none-eabi/5.4.1/../../../../arm-none-eabi/lib/armv7-m\libstdc++_nano.a(si_class_type_info.o)
                0x0001bee8                __cxxabiv1::__si_class_type_info::~__si_class_type_info()
 .text._ZNK10__cxxabiv120__si_class_type_info12__do_dyncastEiNS_17__class_type_info10__sub_kindEPKS1_PKvS4_S6_RNS1_16__dyncast_resultE
                0x0001befa       0x7c c:/users/aakash/downloads/cmpe243/sjsu_dev_hyperload2/sjsu_dev/toolchain/bin/../lib/gcc/arm-none-eabi/5.4.1/../../../../arm-none-eabi/lib/armv7-m\libstdc++_nano.a(si_class_type_info.o)
                0x0001befa                __cxxabiv1::__si_class_type_info::__do_dyncast(int, __cxxabiv1::__class_type_info::__sub_kind, __cxxabiv1::__class_type_info const*, void const*, __cxxabiv1::__class_type_info const*, void const*, __cxxabiv1::__class_type_info::__dyncast_result&) const
 .text._ZNK10__cxxabiv120__si_class_type_info20__do_find_public_srcEiPKvPKNS_17__class_type_infoES2_